Component: ARM Compiler 5.06 update 6 (build 750) Tool: armlink [4d35ed]

==============================================================================

Section Cross References

    gd32h7xx_it.o(i.DMA0_Channel0_IRQHandler) refers to gd32h7xx_dma.o(i.dma_interrupt_flag_get) for dma_interrupt_flag_get
    gd32h7xx_it.o(i.DMA0_Channel0_IRQHandler) refers to gd32h7xx_dma.o(i.dma_interrupt_flag_clear) for dma_interrupt_flag_clear
    gd32h7xx_it.o(i.DMA0_Channel0_IRQHandler) refers to gd32h7xx_dma.o(i.dma_channel_enable) for dma_channel_enable
    gd32h7xx_it.o(i.DMA0_Channel0_IRQHandler) refers to sys.o(.data) for gdma_lines
    gd32h7xx_it.o(i.DMA0_Channel0_IRQHandler) refers to sys.o(.bss) for gdma
    gd32h7xx_it.o(i.SysTick_Handler) refers to lv_hal_tick.o(i.lv_tick_inc) for lv_tick_inc
    gui.o(i.twocolumns) refers to lv_draw_rect.o(i.lv_draw_rect_dsc_init) for lv_draw_rect_dsc_init
    gui.o(i.twocolumns) refers to gui.o(i.lv_color_hex) for lv_color_hex
    gui.o(i.twocolumns) refers to lv_canvas.o(i.lv_canvas_draw_rect) for lv_canvas_draw_rect
    main.o(i.gpio_init) refers to gd32h7xx_gpio.o(i.gpio_mode_set) for gpio_mode_set
    main.o(i.gpio_init) refers to gd32h7xx_gpio.o(i.gpio_output_options_set) for gpio_output_options_set
    main.o(i.gpio_init) refers to gd32h7xx_gpio.o(i.gpio_bit_reset) for gpio_bit_reset
    main.o(i.lv_obj_center) refers to lv_obj_pos.o(i.lv_obj_align) for lv_obj_align
    main.o(i.main) refers to sys.o(i.sys_init) for sys_init
    main.o(i.main) refers to gd32h7xx_rcu.o(i.rcu_periph_clock_enable) for rcu_periph_clock_enable
    main.o(i.main) refers to main.o(i.gpio_init) for gpio_init
    main.o(i.main) refers to lv_obj.o(i.lv_init) for lv_init
    main.o(i.main) refers to lv_port_disp_template.o(i.lv_port_disp_init) for lv_port_disp_init
    main.o(i.main) refers to lv_port_indev_template.o(i.lv_port_indev_init) for lv_port_indev_init
    main.o(i.main) refers to lv_obj.o(i.lv_obj_create) for lv_obj_create
    main.o(i.main) refers to lv_canvas.o(i.lv_canvas_create) for lv_canvas_create
    main.o(i.main) refers to lv_btn.o(i.lv_btn_create) for lv_btn_create
    main.o(i.main) refers to lv_obj_pos.o(i.lv_obj_set_size) for lv_obj_set_size
    main.o(i.main) refers to main.o(i.lv_obj_center) for lv_obj_center
    main.o(i.main) refers to lv_label.o(i.lv_label_create) for lv_label_create
    main.o(i.main) refers to lv_label.o(i.lv_label_set_text) for lv_label_set_text
    main.o(i.main) refers to rtc_time.o(i.my_rtc_setup) for my_rtc_setup
    main.o(i.main) refers to gui.o(i.twocolumns) for twocolumns
    main.o(i.main) refers to rtc_time.o(i.get_rtc_time_string) for get_rtc_time_string
    main.o(i.main) refers to lv_timer.o(i.lv_timer_handler) for lv_timer_handler
    main.o(i.main) refers to sys.o(i.delay_us) for delay_us
    main.o(i.main) refers to main.o(.data) for .data
    read_file_to_array.o(i.read_file_to_array) refers to ff.o(i.f_open) for f_open
    read_file_to_array.o(i.read_file_to_array) refers to ff.o(i.f_mount) for f_mount
    read_file_to_array.o(i.read_file_to_array) refers to ff.o(i.f_close) for f_close
    read_file_to_array.o(i.read_file_to_array) refers to ff.o(i.f_read) for f_read
    startup_gd32h7xx.o(STACK) refers (Special) to heapauxi.o(.text) for __use_two_region_memory
    startup_gd32h7xx.o(HEAP) refers (Special) to heapauxi.o(.text) for __use_two_region_memory
    startup_gd32h7xx.o(RESET) refers (Special) to heapauxi.o(.text) for __use_two_region_memory
    startup_gd32h7xx.o(RESET) refers to startup_gd32h7xx.o(STACK) for __initial_sp
    startup_gd32h7xx.o(RESET) refers to startup_gd32h7xx.o(.text) for Reset_Handler
    startup_gd32h7xx.o(RESET) refers to gd32h7xx_it.o(i.NMI_Handler) for NMI_Handler
    startup_gd32h7xx.o(RESET) refers to gd32h7xx_it.o(i.HardFault_Handler) for HardFault_Handler
    startup_gd32h7xx.o(RESET) refers to gd32h7xx_it.o(i.MemManage_Handler) for MemManage_Handler
    startup_gd32h7xx.o(RESET) refers to gd32h7xx_it.o(i.BusFault_Handler) for BusFault_Handler
    startup_gd32h7xx.o(RESET) refers to gd32h7xx_it.o(i.UsageFault_Handler) for UsageFault_Handler
    startup_gd32h7xx.o(RESET) refers to gd32h7xx_it.o(i.SVC_Handler) for SVC_Handler
    startup_gd32h7xx.o(RESET) refers to gd32h7xx_it.o(i.DebugMon_Handler) for DebugMon_Handler
    startup_gd32h7xx.o(RESET) refers to gd32h7xx_it.o(i.PendSV_Handler) for PendSV_Handler
    startup_gd32h7xx.o(RESET) refers to gd32h7xx_it.o(i.SysTick_Handler) for SysTick_Handler
    startup_gd32h7xx.o(RESET) refers to gd32h7xx_it.o(i.DMA0_Channel0_IRQHandler) for DMA0_Channel0_IRQHandler
    startup_gd32h7xx.o(RESET) refers to gd32h7xx_it.o(i.FPU_IRQHandler) for FPU_IRQHandler
    startup_gd32h7xx.o(.text) refers (Special) to heapauxi.o(.text) for __use_two_region_memory
    startup_gd32h7xx.o(.text) refers to system_gd32h7xx.o(i.SystemInit) for SystemInit
    startup_gd32h7xx.o(.text) refers to __main.o(!!!main) for __main
[...]
    libinit.o(.ARM.Collect$$libinit$$00000000) refers (Special) to libinit2.o(.ARM.Collect$$libinit$$00000011) for __rt_lib_init_lc_collate_1
    libinit.o(.ARM.Collect$$libinit$$00000000) refers (Special) to libinit2.o(.ARM.Collect$$libinit$$00000013) for __rt_lib_init_lc_ctype_1
    libinit.o(.ARM.Collect$$libinit$$00000000) refers (Special) to libinit2.o(.ARM.Collect$$libinit$$00000015) for __rt_lib_init_lc_monetary_1
    libinit.o(.ARM.Collect$$libinit$$00000000) refers (Special) to libinit2.o(.ARM.Collect$$libinit$$00000017) for __rt_lib_init_lc_numeric_1
    libinit.o(.ARM.Collect$$libinit$$00000000) refers (Special) to libinit2.o(.ARM.Collect$$libinit$$00000019) for __rt_lib_init_lc_time_1
    libinit.o(.ARM.Collect$$libinit$$00000000) refers (Special) to libinit2.o(.ARM.Collect$$libinit$$00000004) for __rt_lib_init_preinit_1
    libinit.o(.ARM.Collect$$libinit$$00000000) refers (Special) to libinit2.o(.ARM.Collect$$libinit$$0000000E) for __rt_lib_init_rand_1
    libinit.o(.ARM.Collect$$libinit$$00000000) refers (Special) to libinit2.o(.ARM.Collect$$libinit$$00000033) for __rt_lib_init_return
    libinit.o(.ARM.Collect$$libinit$$00000000) refers (Special) to libinit2.o(.ARM.Collect$$libinit$$0000001D) for __rt_lib_init_signal_1
    libinit.o(.ARM.Collect$$libinit$$00000000) refers (Special) to libinit2.o(.ARM.Collect$$libinit$$00000025) for __rt_lib_init_stdio_1
    libinit.o(.ARM.Collect$$libinit$$00000000) refers (Special) to libinit2.o(.ARM.Collect$$libinit$$0000000C) for __rt_lib_init_user_alloc_1
    rtexit.o(.ARM.Collect$$rtexit$$00000000) refers (Special) to rtexit2.o(.ARM.Collect$$rtexit$$00000004) for __rt_exit_exit
    rtexit.o(.ARM.Collect$$rtexit$$00000000) refers (Special) to rtexit2.o(.ARM.Collect$$rtexit$$00000003) for __rt_exit_ls
    rtexit.o(.ARM.Collect$$rtexit$$00000000) refers (Special) to rtexit2.o(.ARM.Collect$$rtexit$$00000002) for __rt_exit_prels_1
    rtexit.o(.ARM.exidx) refers (Special) to rtexit2.o(.ARM.Collect$$rtexit$$00000004) for __rt_exit_exit
    rtexit.o(.ARM.exidx) refers (Special) to rtexit2.o(.ARM.Collect$$rtexit$$00000003) for __rt_exit_ls
    rtexit.o(.ARM.exidx) refers (Special) to rtexit2.o(.ARM.Collect$$rtexit$$00000002) for __rt_exit_prels_1
    rtexit.o(.ARM.exidx) refers to rtexit.o(.ARM.Collect$$rtexit$$00000000) for .ARM.Collect$$rtexit$$00000000
    __raise.o(.text) refers to defsig.o(CL$$defsig) for __default_signal_handler
    defsig_general.o(.text) refers to sys_wrch.o(.text) for _ttywrch
    defsig_fpe_inner.o(.text) refers to defsig_general.o(.text) for __default_signal_display
    libshutdown2.o(.ARM.Collect$$libshutdown$$0000000D) refers (Weak) to term_alloc.o(.text) for _terminate_alloc
    rtexit2.o(.ARM.Collect$$rtexit$$00000003) refers to libshutdown.o(.ARM.Collect$$libshutdown$$00000000) for __rt_lib_shutdown
    rtexit2.o(.ARM.Collect$$rtexit$$00000004) refers to sys_exit.o(.text) for _sys_exit
    rtexit2.o(.ARM.exidx) refers to rtexit2.o(.ARM.Collect$$rtexit$$00000001) for .ARM.Collect$$rtexit$$00000001
    rtexit2.o(.ARM.exidx) refers to rtexit2.o(.ARM.Collect$$rtexit$$00000003) for .ARM.Collect$$rtexit$$00000003
    rtexit2.o(.ARM.exidx) refers to rtexit2.o(.ARM.Collect$$rtexit$$00000004) for .ARM.Collect$$rtexit$$00000004
    defsig.o(CL$$defsig) refers to defsig_abrt_inner.o(.text) for __rt_SIGABRT_inner
    defsig.o(CL$$defsig) refers to defsig_fpe_inner.o(.text) for __rt_SIGFPE_inner
    defsig.o(CL$$defsig) refers to defsig_rtmem_inner.o(.text) for __rt_SIGRTMEM_inner
    defsig_rtred_inner.o(.text) refers to defsig_general.o(.text) for __default_signal_display
    defsig_stak_inner.o(.text) refers to defsig_general.o(.text) for __default_signal_display
    defsig_pvfn_inner.o(.text) refers to defsig_general.o(.text) for __default_signal_display
    defsig_cppl_inner.o(.text) refers to defsig_general.o(.text) for __default_signal_display
    defsig_segv_inner.o(.text) refers to defsig_general.o(.text) for __default_signal_display
    defsig_other.o(.text) refers to defsig_general.o(.text) for __default_signal_display
    libshutdown.o(.ARM.Collect$$libshutdown$$00000000) refers (Special) to libshutdown2.o(.ARM.Collect$$libshutdown$$00000002) for __rt_lib_shutdown_cpp_1
    libshutdown.o(.ARM.Collect$$libshutdown$$00000000) refers (Special) to libshutdown2.o(.ARM.Collect$$libshutdown$$00000007) for __rt_lib_shutdown_fp_trap_1
    libshutdown.o(.ARM.Collect$$libshutdown$$00000000) refers (Special) to libshutdown2.o(.ARM.Collect$$libshutdown$$0000000F) for __rt_lib_shutdown_heap_1
    libshutdown.o(.ARM.Collect$$libshutdown$$00000000) refers (Special) to libshutdown2.o(.ARM.Collect$$libshutdown$$00000010) for __rt_lib_shutdown_return
    libshutdown.o(.ARM.Collect$$libshutdown$$00000000) refers (Special) to libshutdown2.o(.ARM.Collect$$libshutdown$$0000000A) for __rt_lib_shutdown_signal_1
    libshutdown.o(.ARM.Collect$$libshutdown$$00000000) refers (Special) to libshutdown2.o(.ARM.Collect$$libshutdown$$00000004) for __rt_lib_shutdown_stdio_1
    libshutdown.o(.ARM.Collect$$libshutdown$$00000000) refers (Special) to libshutdown2.o(.ARM.Collect$$libshutdown$$0000000C) for __rt_lib_shutdown_user_alloc_1


==============================================================================

Removing Unused input sections from the image.

    Removing gd32h7xx_it.o(.rev16_text), (4 bytes).
    Removing gd32h7xx_it.o(.revsh_text), (4 bytes).
    Removing gd32h7xx_it.o(.rrx_text), (6 bytes).
    Removing gui.o(.rev16_text), (4 bytes).
    Removing gui.o(.revsh_text), (4 bytes).
    Removing gui.o(.rrx_text), (6 bytes).
    Removing main.o(.rev16_text), (4 bytes).
    Removing main.o(.revsh_text), (4 bytes).
    Removing main.o(.rrx_text), (6 bytes).
    Removing read_file_to_array.o(.rev16_text), (4 bytes).
    Removing read_file_to_array.o(.revsh_text), (4 bytes).
    Removing read_file_to_array.o(.rrx_text), (6 bytes).
    Removing read_file_to_array.o(i.read_file_to_array), (144 bytes).
    Removing system_gd32h7xx.o(.rev16_text), (4 bytes).
    Removing system_gd32h7xx.o(.revsh_text), (4 bytes).
    Removing system_gd32h7xx.o(.rrx_text), (6 bytes).
    Removing system_gd32h7xx.o(i.SystemCoreClockUpdate), (184 bytes).
    Removing system_gd32h7xx.o(i.gd32h7xx_firmware_version_get), (6 bytes).
    Removing rtc_time.o(.rev16_text), (4 bytes).
    Removing rtc_time.o(.revsh_text), (4 bytes).
    Removing rtc_time.o(.rrx_text), (6 bytes).
    Removing rtc_time.o(.bss), (16 bytes).
    Removing gd32h7xx_misc.o(.rev16_text), (4 bytes).
    Removing gd32h7xx_misc.o(.revsh_text), (4 bytes).
    Removing gd32h7xx_misc.o(.rrx_text), (6 bytes).
    Removing gd32h7xx_misc.o(i.nvic_irq_disable), (32 bytes).
    Removing gd32h7xx_misc.o(i.system_lowpower_reset), (16 bytes).
    Removing gd32h7xx_misc.o(i.system_lowpower_set), (16 bytes).
    Removing gd32h7xx_misc.o(i.systick_clksource_set), (28 bytes).
    Removing gd32h7xx_gpio.o(.rev16_text), (4 bytes).
    Removing gd32h7xx_gpio.o(.revsh_text), (4 bytes).
    Removing gd32h7xx_gpio.o(.rrx_text), (6 bytes).
    Removing gd32h7xx_gpio.o(i.gpio_bit_toggle), (4 bytes).
    Removing gd32h7xx_gpio.o(i.gpio_bit_write), (12 bytes).
    Removing gd32h7xx_gpio.o(i.gpio_deinit), (238 bytes).
    Removing gd32h7xx_gpio.o(i.gpio_input_filter_set), (82 bytes).
    Removing gd32h7xx_gpio.o(i.gpio_input_port_get), (6 bytes).
    Removing gd32h7xx_gpio.o(i.gpio_output_bit_get), (14 bytes).
    Removing gd32h7xx_gpio.o(i.gpio_output_port_get), (6 bytes).
    Removing gd32h7xx_gpio.o(i.gpio_pin_lock), (16 bytes).
    Removing gd32h7xx_gpio.o(i.gpio_port_toggle), (8 bytes).
    Removing gd32h7xx_gpio.o(i.gpio_port_write), (4 bytes).
    Removing gd32h7xx_rcu.o(.rev16_text), (4 bytes).
    Removing gd32h7xx_rcu.o(.revsh_text), (4 bytes).
    Removing gd32h7xx_rcu.o(.rrx_text), (6 bytes).
    Removing gd32h7xx_rcu.o(i.rcu_adc_clock_config), (52 bytes).
    Removing gd32h7xx_rcu.o(i.rcu_ahb_clock_config), (20 bytes).
    Removing gd32h7xx_rcu.o(i.rcu_apb1_clock_config), (20 bytes).
    Removing gd32h7xx_rcu.o(i.rcu_apb2_clock_config), (20 bytes).
    Removing gd32h7xx_rcu.o(i.rcu_apb3_clock_config), (20 bytes).
    Removing gd32h7xx_rcu.o(i.rcu_apb4_clock_config), (20 bytes).
    Removing gd32h7xx_rcu.o(i.rcu_bkp_reset_disable), (16 bytes).
    Removing gd32h7xx_rcu.o(i.rcu_bkp_reset_enable), (16 bytes).
    Removing gd32h7xx_rcu.o(i.rcu_can_clock_config), (72 bytes).
    Removing gd32h7xx_rcu.o(i.rcu_ck48m_clock_config), (20 bytes).
    Removing gd32h7xx_rcu.o(i.rcu_ckout0_config), (20 bytes).
    Removing gd32h7xx_rcu.o(i.rcu_ckout1_config), (20 bytes).
    Removing gd32h7xx_rcu.o(i.rcu_deepsleep_wakeup_sys_clock_config), (24 bytes).
    Removing gd32h7xx_rcu.o(i.rcu_deinit), (168 bytes).
    Removing gd32h7xx_rcu.o(i.rcu_exmc_clock_config), (24 bytes).
    Removing gd32h7xx_rcu.o(i.rcu_hpdf_clock_config), (24 bytes).
    Removing gd32h7xx_rcu.o(i.rcu_hxtal_clock_monitor_disable), (16 bytes).
    Removing gd32h7xx_rcu.o(i.rcu_hxtal_clock_monitor_enable), (16 bytes).
    Removing gd32h7xx_rcu.o(i.rcu_i2c_clock_config), (96 bytes).
    Removing gd32h7xx_rcu.o(i.rcu_interrupt_disable), (32 bytes).
    Removing gd32h7xx_rcu.o(i.rcu_interrupt_enable), (32 bytes).
    Removing gd32h7xx_rcu.o(i.rcu_interrupt_flag_clear), (32 bytes).
    Removing gd32h7xx_rcu.o(i.rcu_interrupt_flag_get), (36 bytes).
    Removing gd32h7xx_rcu.o(i.rcu_irc64m_adjust_value_set), (24 bytes).
    Removing gd32h7xx_rcu.o(i.rcu_irc64mdiv_clock_config), (20 bytes).
    Removing gd32h7xx_rcu.o(i.rcu_lpirc4m_adjust_value_set), (24 bytes).
    Removing gd32h7xx_rcu.o(i.rcu_lxtal_clock_monitor_disable), (16 bytes).
    Removing gd32h7xx_rcu.o(i.rcu_lxtal_clock_monitor_enable), (16 bytes).
    Removing gd32h7xx_rcu.o(i.rcu_lxtal_drive_capability_config), (20 bytes).
    Removing gd32h7xx_rcu.o(i.rcu_osci_bypass_mode_disable), (56 bytes).
    Removing gd32h7xx_rcu.o(i.rcu_osci_bypass_mode_enable), (56 bytes).
    Removing gd32h7xx_rcu.o(i.rcu_osci_off), (32 bytes).
    Removing gd32h7xx_rcu.o(i.rcu_per_clock_config), (24 bytes).
    Removing gd32h7xx_rcu.o(i.rcu_periph_clock_disable), (32 bytes).
    Removing gd32h7xx_rcu.o(i.rcu_periph_clock_sleep_disable), (32 bytes).
    Removing gd32h7xx_rcu.o(i.rcu_periph_clock_sleep_enable), (32 bytes).
    Removing gd32h7xx_rcu.o(i.rcu_pll0_config), (104 bytes).
    Removing gd32h7xx_rcu.o(i.rcu_pll48m_clock_config), (20 bytes).
    Removing gd32h7xx_rcu.o(i.rcu_pll_clock_output_disable), (16 bytes).
    Removing gd32h7xx_rcu.o(i.rcu_pll_fractional_config), (76 bytes).
    Removing gd32h7xx_rcu.o(i.rcu_pll_fractional_latch_disable), (56 bytes).
    Removing gd32h7xx_rcu.o(i.rcu_pll_fractional_latch_enable), (56 bytes).
    Removing gd32h7xx_rcu.o(i.rcu_pll_source_config), (24 bytes).
    Removing gd32h7xx_rcu.o(i.rcu_pllusb0_config), (48 bytes).
    Removing gd32h7xx_rcu.o(i.rcu_pllusb1_config), (56 bytes).
    Removing gd32h7xx_rcu.o(i.rcu_rspdif_clock_config), (24 bytes).
    Removing gd32h7xx_rcu.o(i.rcu_rtc_div_config), (20 bytes).
    Removing gd32h7xx_rcu.o(i.rcu_sai2_block_clock_config), (48 bytes).
    Removing gd32h7xx_rcu.o(i.rcu_sai_clock_config), (48 bytes).
    Removing gd32h7xx_rcu.o(i.rcu_spi_clock_config), (124 bytes).
    Removing gd32h7xx_rcu.o(i.rcu_system_clock_source_config), (20 bytes).
    Removing gd32h7xx_rcu.o(i.rcu_system_clock_source_get), (16 bytes).
    Removing gd32h7xx_rcu.o(i.rcu_timer_clock_prescaler_config), (32 bytes).
    Removing gd32h7xx_rcu.o(i.rcu_usart_clock_config), (92 bytes).
    Removing gd32h7xx_rcu.o(i.rcu_usb48m_clock_config), (48 bytes).
    Removing gd32h7xx_rcu.o(i.rcu_usbhs_clock_config), (48 bytes).
    Removing gd32h7xx_rcu.o(i.rcu_usbhs_clock_selection_disable), (36 bytes).
    Removing gd32h7xx_rcu.o(i.rcu_usbhs_clock_selection_enable), (36 bytes).
    Removing gd32h7xx_rcu.o(i.rcu_usbhs_pll1qpsc_config), (48 bytes).
    Removing gd32h7xx_tli.o(.rev16_text), (4 bytes).
    Removing gd32h7xx_tli.o(.revsh_text), (4 bytes).
    Removing gd32h7xx_tli.o(.rrx_text), (6 bytes).
    Removing gd32h7xx_tli.o(i.tli_color_key_disable), (10 bytes).
    Removing gd32h7xx_tli.o(i.tli_color_key_enable), (10 bytes).
    Removing gd32h7xx_tli.o(i.tli_color_key_init), (12 bytes).
    Removing gd32h7xx_tli.o(i.tli_current_pos_get), (12 bytes).
    Removing gd32h7xx_tli.o(i.tli_deinit), (22 bytes).
    Removing gd32h7xx_tli.o(i.tli_disable), (16 bytes).
    Removing gd32h7xx_tli.o(i.tli_dither_config), (32 bytes).
    Removing gd32h7xx_tli.o(i.tli_flag_get), (28 bytes).
    Removing gd32h7xx_tli.o(i.tli_interrupt_disable), (16 bytes).
    Removing gd32h7xx_tli.o(i.tli_interrupt_enable), (16 bytes).
    Removing gd32h7xx_tli.o(i.tli_interrupt_flag_clear), (16 bytes).
    Removing gd32h7xx_tli.o(i.tli_interrupt_flag_get), (28 bytes).
    Removing gd32h7xx_tli.o(i.tli_layer_disable), (10 bytes).
    Removing gd32h7xx_tli.o(i.tli_layer_struct_para_init), (44 bytes).
    Removing gd32h7xx_tli.o(i.tli_layer_window_offset_modify), (144 bytes).
    Removing gd32h7xx_tli.o(i.tli_line_mark_set), (20 bytes).
    Removing gd32h7xx_tli.o(i.tli_lut_disable), (10 bytes).
    Removing gd32h7xx_tli.o(i.tli_lut_enable), (10 bytes).
    Removing gd32h7xx_tli.o(i.tli_lut_init), (24 bytes).
    Removing gd32h7xx_tli.o(i.tli_lut_struct_para_init), (12 bytes).
    Removing gd32h7xx_tli.o(i.tli_struct_para_init), (34 bytes).
    Removing gd32h7xx_exmc.o(.rev16_text), (4 bytes).
    Removing gd32h7xx_exmc.o(.revsh_text), (4 bytes).
    Removing gd32h7xx_exmc.o(.rrx_text), (6 bytes).
    Removing gd32h7xx_exmc.o(i.exmc_ecc_get), (12 bytes).
    Removing gd32h7xx_exmc.o(i.exmc_flag_clear), (36 bytes).
    Removing gd32h7xx_exmc.o(i.exmc_interrupt_disable), (36 bytes).
    Removing gd32h7xx_exmc.o(i.exmc_interrupt_enable), (36 bytes).
    Removing gd32h7xx_exmc.o(i.exmc_interrupt_flag_clear), (36 bytes).
    Removing gd32h7xx_exmc.o(i.exmc_interrupt_flag_get), (48 bytes).
    Removing gd32h7xx_exmc.o(i.exmc_nand_deinit), (24 bytes).
    Removing gd32h7xx_exmc.o(i.exmc_nand_disable), (16 bytes).
    Removing gd32h7xx_exmc.o(i.exmc_nand_ecc_config), (36 bytes).
    Removing gd32h7xx_exmc.o(i.exmc_nand_enable), (16 bytes).
    Removing gd32h7xx_exmc.o(i.exmc_nand_init), (108 bytes).
    Removing gd32h7xx_exmc.o(i.exmc_nand_struct_para_init), (20 bytes).
    Removing gd32h7xx_exmc.o(i.exmc_norsram_consecutive_clock_config), (32 bytes).
    Removing gd32h7xx_exmc.o(i.exmc_norsram_deinit), (28 bytes).
    Removing gd32h7xx_exmc.o(i.exmc_norsram_disable), (20 bytes).
    Removing gd32h7xx_exmc.o(i.exmc_norsram_enable), (20 bytes).
    Removing gd32h7xx_exmc.o(i.exmc_norsram_init), (188 bytes).
    Removing gd32h7xx_exmc.o(i.exmc_norsram_page_size_config), (28 bytes).
    Removing gd32h7xx_exmc.o(i.exmc_norsram_sdram_remap_config), (24 bytes).
    Removing gd32h7xx_exmc.o(i.exmc_norsram_sdram_remap_get), (16 bytes).
    Removing gd32h7xx_exmc.o(i.exmc_norsram_struct_para_init), (36 bytes).
    Removing gd32h7xx_exmc.o(i.exmc_sdram_autorefresh_number_set), (28 bytes).
    Removing gd32h7xx_exmc.o(i.exmc_sdram_bankstatus_get), (32 bytes).
    Removing gd32h7xx_exmc.o(i.exmc_sdram_deinit), (44 bytes).
    Removing gd32h7xx_exmc.o(i.exmc_sdram_readsample_config), (20 bytes).
    Removing gd32h7xx_exmc.o(i.exmc_sdram_readsample_disable), (16 bytes).
    Removing gd32h7xx_exmc.o(i.exmc_sdram_readsample_enable), (16 bytes).
    Removing gd32h7xx_exmc.o(i.exmc_sdram_write_protection_config), (44 bytes).
    Removing gd32h7xx_sdio.o(.rev16_text), (4 bytes).
    Removing gd32h7xx_sdio.o(.revsh_text), (4 bytes).
    Removing gd32h7xx_sdio.o(.rrx_text), (6 bytes).
    Removing gd32h7xx_sdio.o(i.sdio_boot_ack_disable), (10 bytes).
    Removing gd32h7xx_sdio.o(i.sdio_boot_ack_enable), (10 bytes).
    Removing gd32h7xx_sdio.o(i.sdio_boot_acktimeout_set), (20 bytes).
    Removing gd32h7xx_sdio.o(i.sdio_boot_disable), (10 bytes).
    Removing gd32h7xx_sdio.o(i.sdio_boot_enable), (10 bytes).
    Removing gd32h7xx_sdio.o(i.sdio_boot_mode_set), (16 bytes).
    Removing gd32h7xx_sdio.o(i.sdio_buffer_selection_get), (8 bytes).
    Removing gd32h7xx_sdio.o(i.sdio_bus_speed_set), (16 bytes).
    Removing gd32h7xx_sdio.o(i.sdio_clock_receive_set), (12 bytes).
    Removing gd32h7xx_sdio.o(i.sdio_csm_disable), (10 bytes).
    Removing gd32h7xx_sdio.o(i.sdio_data_counter_get), (4 bytes).
    Removing gd32h7xx_sdio.o(i.sdio_direction_polarity_set), (16 bytes).
    Removing gd32h7xx_sdio.o(i.sdio_fifo_reset_disable), (10 bytes).
    Removing gd32h7xx_sdio.o(i.sdio_fifo_reset_enable), (10 bytes).
    Removing gd32h7xx_sdio.o(i.sdio_hold_disable), (10 bytes).
    Removing gd32h7xx_sdio.o(i.sdio_hold_enable), (10 bytes).
    Removing gd32h7xx_sdio.o(i.sdio_idma_buffer1_address_set), (18 bytes).
    Removing gd32h7xx_sdio.o(i.sdio_idma_buffer_select), (16 bytes).
    Removing gd32h7xx_sdio.o(i.sdio_interrupt_disable), (8 bytes).
    Removing gd32h7xx_sdio.o(i.sdio_interrupt_flag_clear), (4 bytes).
    Removing gd32h7xx_sdio.o(i.sdio_interrupt_flag_get), (14 bytes).
    Removing gd32h7xx_sdio.o(i.sdio_suspend_disable), (10 bytes).
    Removing gd32h7xx_sdio.o(i.sdio_suspend_enable), (10 bytes).
    Removing gd32h7xx_sdio.o(i.sdio_trans_stop_disable), (10 bytes).
    Removing gd32h7xx_sdio.o(i.sdio_trans_stop_enable), (10 bytes).
    Removing gd32h7xx_sdio.o(i.sdio_voltage_switch_disable), (10 bytes).
    Removing gd32h7xx_sdio.o(i.sdio_voltage_switch_enable), (10 bytes).
    Removing gd32h7xx_sdio.o(i.sdio_voltage_switch_sequence_disable), (10 bytes).
    Removing gd32h7xx_sdio.o(i.sdio_voltage_switch_sequence_enable), (10 bytes).
    Removing gd32h7xx_usart.o(.rev16_text), (4 bytes).
    Removing gd32h7xx_usart.o(.revsh_text), (4 bytes).
    Removing gd32h7xx_usart.o(.rrx_text), (6 bytes).
    Removing gd32h7xx_usart.o(i.usart_address_0_config), (26 bytes).
    Removing gd32h7xx_usart.o(i.usart_address_0_detection_mode_config), (28 bytes).
    Removing gd32h7xx_usart.o(i.usart_address_0_match_mode_disable), (18 bytes).
    Removing gd32h7xx_usart.o(i.usart_address_0_match_mode_enable), (18 bytes).
    Removing gd32h7xx_usart.o(i.usart_address_1_config), (26 bytes).
    Removing gd32h7xx_usart.o(i.usart_address_1_detection_mode_config), (28 bytes).
    Removing gd32h7xx_usart.o(i.usart_address_1_match_mode_disable), (18 bytes).
    Removing gd32h7xx_usart.o(i.usart_address_1_match_mode_enable), (18 bytes).
    Removing gd32h7xx_usart.o(i.usart_block_length_config), (18 bytes).
    Removing gd32h7xx_usart.o(i.usart_clock_disable), (18 bytes).
    Removing gd32h7xx_usart.o(i.usart_clock_enable), (18 bytes).
    Removing gd32h7xx_usart.o(i.usart_command_enable), (8 bytes).
    Removing gd32h7xx_usart.o(i.usart_data_first_config), (28 bytes).
    Removing gd32h7xx_usart.o(i.usart_data_receive), (8 bytes).
    Removing gd32h7xx_usart.o(i.usart_data_transmit), (8 bytes).
    Removing gd32h7xx_usart.o(i.usart_depolarity_config), (28 bytes).
    Removing gd32h7xx_usart.o(i.usart_disable), (10 bytes).
    Removing gd32h7xx_usart.o(i.usart_dma_receive_config), (12 bytes).
    Removing gd32h7xx_usart.o(i.usart_dma_transmit_config), (12 bytes).
    Removing gd32h7xx_usart.o(i.usart_driver_assertime_config), (32 bytes).
    Removing gd32h7xx_usart.o(i.usart_driver_deassertime_config), (32 bytes).
    Removing gd32h7xx_usart.o(i.usart_fifo_disable), (22 bytes).
    Removing gd32h7xx_usart.o(i.usart_fifo_enable), (22 bytes).
    Removing gd32h7xx_usart.o(i.usart_flag_clear), (74 bytes).
    Removing gd32h7xx_usart.o(i.usart_flag_get), (26 bytes).
    Removing gd32h7xx_usart.o(i.usart_guard_time_config), (32 bytes).
    Removing gd32h7xx_usart.o(i.usart_halfduplex_disable), (18 bytes).
    Removing gd32h7xx_usart.o(i.usart_halfduplex_enable), (18 bytes).
    Removing gd32h7xx_usart.o(i.usart_hardware_flow_coherence_config), (22 bytes).
    Removing gd32h7xx_usart.o(i.usart_hardware_flow_cts_config), (24 bytes).
    Removing gd32h7xx_usart.o(i.usart_hardware_flow_rts_config), (24 bytes).
    Removing gd32h7xx_usart.o(i.usart_interrupt_disable), (20 bytes).
    Removing gd32h7xx_usart.o(i.usart_interrupt_enable), (20 bytes).
    Removing gd32h7xx_usart.o(i.usart_interrupt_flag_clear), (84 bytes).
    Removing gd32h7xx_usart.o(i.usart_interrupt_flag_get), (50 bytes).
    Removing gd32h7xx_usart.o(i.usart_invert_config), (104 bytes).
    Removing gd32h7xx_usart.o(i.usart_irda_lowpower_config), (28 bytes).
    Removing gd32h7xx_usart.o(i.usart_irda_mode_disable), (18 bytes).
    Removing gd32h7xx_usart.o(i.usart_irda_mode_enable), (18 bytes).
    Removing gd32h7xx_usart.o(i.usart_lin_break_detection_length_config), (28 bytes).
    Removing gd32h7xx_usart.o(i.usart_lin_mode_disable), (18 bytes).
    Removing gd32h7xx_usart.o(i.usart_lin_mode_enable), (18 bytes).
    Removing gd32h7xx_usart.o(i.usart_mute_mode_disable), (10 bytes).
    Removing gd32h7xx_usart.o(i.usart_mute_mode_enable), (10 bytes).
    Removing gd32h7xx_usart.o(i.usart_mute_mode_wakeup_config), (24 bytes).
    Removing gd32h7xx_usart.o(i.usart_overrun_disable), (18 bytes).
    Removing gd32h7xx_usart.o(i.usart_overrun_enable), (18 bytes).
    Removing gd32h7xx_usart.o(i.usart_oversample_config), (24 bytes).
    Removing gd32h7xx_usart.o(i.usart_parity_config), (24 bytes).
    Removing gd32h7xx_usart.o(i.usart_prescaler_config), (24 bytes).
    Removing gd32h7xx_usart.o(i.usart_receive_config), (16 bytes).
    Removing gd32h7xx_usart.o(i.usart_receive_fifo_counter_number), (20 bytes).
    Removing gd32h7xx_usart.o(i.usart_receive_fifo_threshold_config), (18 bytes).
    Removing gd32h7xx_usart.o(i.usart_receiver_timeout_disable), (10 bytes).
    Removing gd32h7xx_usart.o(i.usart_receiver_timeout_enable), (10 bytes).
    Removing gd32h7xx_usart.o(i.usart_receiver_timeout_threshold_config), (16 bytes).
    Removing gd32h7xx_usart.o(i.usart_reception_error_dma_disable), (18 bytes).
    Removing gd32h7xx_usart.o(i.usart_reception_error_dma_enable), (18 bytes).
    Removing gd32h7xx_usart.o(i.usart_rs485_driver_disable), (18 bytes).
    Removing gd32h7xx_usart.o(i.usart_rs485_driver_enable), (18 bytes).
    Removing gd32h7xx_usart.o(i.usart_sample_bit_config), (24 bytes).
    Removing gd32h7xx_usart.o(i.usart_smartcard_autoretry_config), (32 bytes).
    Removing gd32h7xx_usart.o(i.usart_smartcard_mode_disable), (18 bytes).
    Removing gd32h7xx_usart.o(i.usart_smartcard_mode_early_nack_disable), (12 bytes).
    Removing gd32h7xx_usart.o(i.usart_smartcard_mode_early_nack_enable), (12 bytes).
    Removing gd32h7xx_usart.o(i.usart_smartcard_mode_enable), (18 bytes).
    Removing gd32h7xx_usart.o(i.usart_smartcard_mode_nack_disable), (18 bytes).
    Removing gd32h7xx_usart.o(i.usart_smartcard_mode_nack_enable), (18 bytes).
    Removing gd32h7xx_usart.o(i.usart_stop_bit_set), (24 bytes).
    Removing gd32h7xx_usart.o(i.usart_synchronous_clock_config), (50 bytes).
    Removing gd32h7xx_usart.o(i.usart_transmit_fifo_threshold_config), (18 bytes).
    Removing gd32h7xx_usart.o(i.usart_wakeup_disable), (10 bytes).
    Removing gd32h7xx_usart.o(i.usart_wakeup_enable), (10 bytes).
    Removing gd32h7xx_usart.o(i.usart_wakeup_mode_config), (28 bytes).
    Removing gd32h7xx_usart.o(i.usart_word_length_set), (24 bytes).
    Removing gd32h7xx_spi.o(.rev16_text), (4 bytes).
    Removing gd32h7xx_spi.o(.revsh_text), (4 bytes).
    Removing gd32h7xx_spi.o(.rrx_text), (6 bytes).
    Removing gd32h7xx_spi.o(i.i2s_disable), (10 bytes).
    Removing gd32h7xx_spi.o(i.i2s_enable), (10 bytes).
    Removing gd32h7xx_spi.o(i.i2s_init), (24 bytes).
    Removing gd32h7xx_spi.o(i.i2s_psc_config), (312 bytes).
    Removing gd32h7xx_spi.o(i.spi_af_gpio_control), (26 bytes).
    Removing gd32h7xx_spi.o(i.spi_bidirectional_transfer_config), (26 bytes).
    Removing gd32h7xx_spi.o(i.spi_byte_access_disable), (10 bytes).
    Removing gd32h7xx_spi.o(i.spi_byte_access_enable), (10 bytes).
    Removing gd32h7xx_spi.o(i.spi_crc_full_size_disable), (10 bytes).
    Removing gd32h7xx_spi.o(i.spi_crc_full_size_enable), (10 bytes).
    Removing gd32h7xx_spi.o(i.spi_crc_get), (12 bytes).
    Removing gd32h7xx_spi.o(i.spi_crc_length_config), (12 bytes).
    Removing gd32h7xx_spi.o(i.spi_crc_off), (10 bytes).
    Removing gd32h7xx_spi.o(i.spi_crc_on), (10 bytes).
    Removing gd32h7xx_spi.o(i.spi_crc_polynomial_get), (4 bytes).
    Removing gd32h7xx_spi.o(i.spi_crc_polynomial_set), (12 bytes).
    Removing gd32h7xx_spi.o(i.spi_current_data_num_config), (12 bytes).
    Removing gd32h7xx_spi.o(i.spi_data_frame_delay_set), (12 bytes).
    Removing gd32h7xx_spi.o(i.spi_disable), (10 bytes).
    Removing gd32h7xx_spi.o(i.spi_dma_disable), (24 bytes).
    Removing gd32h7xx_spi.o(i.spi_dma_enable), (24 bytes).
    Removing gd32h7xx_spi.o(i.spi_enable), (10 bytes).
    Removing gd32h7xx_spi.o(i.spi_fifo_threshold_level_set), (16 bytes).
    Removing gd32h7xx_spi.o(i.spi_i2s_data_frame_size_config), (12 bytes).
    Removing gd32h7xx_spi.o(i.spi_i2s_data_receive), (4 bytes).
    Removing gd32h7xx_spi.o(i.spi_i2s_data_transmit), (4 bytes).
    Removing gd32h7xx_spi.o(i.spi_i2s_deinit), (172 bytes).
    Removing gd32h7xx_spi.o(i.spi_i2s_flag_clear), (8 bytes).
    Removing gd32h7xx_spi.o(i.spi_i2s_flag_get), (14 bytes).
    Removing gd32h7xx_spi.o(i.spi_i2s_interrupt_disable), (130 bytes).
    Removing gd32h7xx_spi.o(i.spi_i2s_interrupt_enable), (130 bytes).
    Removing gd32h7xx_spi.o(i.spi_i2s_interrupt_flag_get), (166 bytes).
    Removing gd32h7xx_spi.o(i.spi_i2s_remain_data_num_get), (6 bytes).
    Removing gd32h7xx_spi.o(i.spi_i2s_rxfifo_plevel_get), (8 bytes).
    Removing gd32h7xx_spi.o(i.spi_init), (52 bytes).
    Removing gd32h7xx_spi.o(i.spi_io_config), (26 bytes).
    Removing gd32h7xx_spi.o(i.spi_master_receive_clock_delay_clear), (12 bytes).
    Removing gd32h7xx_spi.o(i.spi_master_receive_clock_delay_set), (28 bytes).
    Removing gd32h7xx_spi.o(i.spi_master_transfer_start), (26 bytes).
    Removing gd32h7xx_spi.o(i.spi_nss_idleness_delay_set), (12 bytes).
    Removing gd32h7xx_spi.o(i.spi_nss_internal_high), (10 bytes).
    Removing gd32h7xx_spi.o(i.spi_nss_internal_low), (10 bytes).
    Removing gd32h7xx_spi.o(i.spi_nss_output_control), (24 bytes).
    Removing gd32h7xx_spi.o(i.spi_nss_output_disable), (10 bytes).
    Removing gd32h7xx_spi.o(i.spi_nss_output_enable), (10 bytes).
    Removing gd32h7xx_spi.o(i.spi_nss_polarity_set), (26 bytes).
    Removing gd32h7xx_spi.o(i.spi_quad_disable), (12 bytes).
    Removing gd32h7xx_spi.o(i.spi_quad_enable), (12 bytes).
    Removing gd32h7xx_spi.o(i.spi_quad_io23_output_disable), (12 bytes).
    Removing gd32h7xx_spi.o(i.spi_quad_io23_output_enable), (12 bytes).
    Removing gd32h7xx_spi.o(i.spi_quad_read_enable), (12 bytes).
    Removing gd32h7xx_spi.o(i.spi_quad_write_enable), (12 bytes).
    Removing gd32h7xx_spi.o(i.spi_rcrc_init_pattern), (26 bytes).
    Removing gd32h7xx_spi.o(i.spi_related_ios_af_disable), (10 bytes).
    Removing gd32h7xx_spi.o(i.spi_related_ios_af_enable), (10 bytes).
    Removing gd32h7xx_spi.o(i.spi_reload_data_num_config), (12 bytes).
    Removing gd32h7xx_spi.o(i.spi_slave_receive_clock_delay_clear), (12 bytes).
    Removing gd32h7xx_spi.o(i.spi_slave_receive_clock_delay_set), (26 bytes).
    Removing gd32h7xx_spi.o(i.spi_struct_para_init), (20 bytes).
    Removing gd32h7xx_spi.o(i.spi_suspend_mode_config), (26 bytes).
    Removing gd32h7xx_spi.o(i.spi_suspend_request), (10 bytes).
    Removing gd32h7xx_spi.o(i.spi_tcrc_init_pattern), (26 bytes).
    Removing gd32h7xx_spi.o(i.spi_ti_mode_disable), (10 bytes).
    Removing gd32h7xx_spi.o(i.spi_ti_mode_enable), (10 bytes).
    Removing gd32h7xx_spi.o(i.spi_underrun_config), (12 bytes).
    Removing gd32h7xx_spi.o(i.spi_underrun_data_config), (4 bytes).
    Removing gd32h7xx_spi.o(i.spi_underrun_operation), (12 bytes).
    Removing gd32h7xx_spi.o(i.spi_word_access_disable), (10 bytes).
    Removing gd32h7xx_spi.o(i.spi_word_access_enable), (10 bytes).
    Removing gd32h7xx_spi.o(.constdata), (48 bytes).
    Removing gd32h7xx_dma.o(.rev16_text), (4 bytes).
    Removing gd32h7xx_dma.o(.revsh_text), (4 bytes).
    Removing gd32h7xx_dma.o(.rrx_text), (6 bytes).
    Removing gd32h7xx_dma.o(i.dma_channel_disable), (18 bytes).
    Removing gd32h7xx_dma.o(i.dma_circulation_enable), (18 bytes).
    Removing gd32h7xx_dma.o(i.dma_fifo_status_get), (16 bytes).
    Removing gd32h7xx_dma.o(i.dma_flag_clear), (54 bytes).
    Removing gd32h7xx_dma.o(i.dma_flag_get), (66 bytes).
    Removing gd32h7xx_dma.o(i.dma_interrupt_disable), (40 bytes).
    Removing gd32h7xx_dma.o(i.dma_memory_address_config), (20 bytes).
    Removing gd32h7xx_dma.o(i.dma_memory_address_generation_config), (32 bytes).
    Removing gd32h7xx_dma.o(i.dma_memory_burst_beats_config), (20 bytes).
    Removing gd32h7xx_dma.o(i.dma_memory_width_config), (20 bytes).
    Removing gd32h7xx_dma.o(i.dma_multi_data_mode_init), (224 bytes).
    Removing gd32h7xx_dma.o(i.dma_multi_data_para_struct_init), (32 bytes).
    Removing gd32h7xx_dma.o(i.dma_periph_address_config), (12 bytes).
    Removing gd32h7xx_dma.o(i.dma_periph_burst_beats_config), (20 bytes).
    Removing gd32h7xx_dma.o(i.dma_periph_width_config), (20 bytes).
    Removing gd32h7xx_dma.o(i.dma_peripheral_address_generation_config), (54 bytes).
    Removing gd32h7xx_dma.o(i.dma_priority_config), (20 bytes).
    Removing gd32h7xx_dma.o(i.dma_switch_buffer_mode_config), (34 bytes).
    Removing gd32h7xx_dma.o(i.dma_switch_buffer_mode_disable), (18 bytes).
    Removing gd32h7xx_dma.o(i.dma_switch_buffer_mode_enable), (18 bytes).
    Removing gd32h7xx_dma.o(i.dma_transfer_direction_config), (20 bytes).
    Removing gd32h7xx_dma.o(i.dma_transfer_number_config), (12 bytes).
    Removing gd32h7xx_dma.o(i.dma_transfer_number_get), (12 bytes).
    Removing gd32h7xx_dma.o(i.dma_using_memory_get), (22 bytes).
    Removing gd32h7xx_dma.o(i.dmamux_event_generation_disable), (24 bytes).
    Removing gd32h7xx_dma.o(i.dmamux_event_generation_enable), (24 bytes).
    Removing gd32h7xx_dma.o(i.dmamux_flag_clear), (24 bytes).
    Removing gd32h7xx_dma.o(i.dmamux_flag_get), (36 bytes).
    Removing gd32h7xx_dma.o(i.dmamux_gen_struct_para_init), (22 bytes).
    Removing gd32h7xx_dma.o(i.dmamux_interrupt_disable), (32 bytes).
    Removing gd32h7xx_dma.o(i.dmamux_interrupt_enable), (32 bytes).
    Removing gd32h7xx_dma.o(i.dmamux_interrupt_flag_clear), (28 bytes).
    Removing gd32h7xx_dma.o(i.dmamux_interrupt_flag_get), (64 bytes).
    Removing gd32h7xx_dma.o(i.dmamux_request_forward_number_config), (36 bytes).
    Removing gd32h7xx_dma.o(i.dmamux_request_generate_number_config), (36 bytes).
    Removing gd32h7xx_dma.o(i.dmamux_request_generator_channel_disable), (24 bytes).
    Removing gd32h7xx_dma.o(i.dmamux_request_generator_channel_enable), (24 bytes).
    Removing gd32h7xx_dma.o(i.dmamux_request_generator_init), (68 bytes).
    Removing gd32h7xx_dma.o(i.dmamux_request_id_config), (32 bytes).
    Removing gd32h7xx_dma.o(i.dmamux_sync_id_config), (32 bytes).
    Removing gd32h7xx_dma.o(i.dmamux_sync_struct_para_init), (22 bytes).
    Removing gd32h7xx_dma.o(i.dmamux_synchronization_disable), (24 bytes).
    Removing gd32h7xx_dma.o(i.dmamux_synchronization_enable), (24 bytes).
    Removing gd32h7xx_dma.o(i.dmamux_synchronization_init), (68 bytes).
    Removing gd32h7xx_dma.o(i.dmamux_synchronization_polarity_config), (32 bytes).
    Removing gd32h7xx_dma.o(i.dmamux_trigger_id_config), (32 bytes).
    Removing gd32h7xx_dma.o(i.dmamux_trigger_polarity_config), (32 bytes).
    Removing gd32h7xx_timer.o(.rev16_text), (4 bytes).
    Removing gd32h7xx_timer.o(.revsh_text), (4 bytes).
    Removing gd32h7xx_timer.o(.rrx_text), (6 bytes).
    Removing gd32h7xx_timer.o(i.timer_auto_reload_shadow_disable), (10 bytes).
    Removing gd32h7xx_timer.o(i.timer_automatic_output_disable), (10 bytes).
    Removing gd32h7xx_timer.o(i.timer_automatic_output_enable), (10 bytes).
    Removing gd32h7xx_timer.o(i.timer_autoreload_value_config), (32 bytes).
    Removing gd32h7xx_timer.o(i.timer_autoreload_value_read), (48 bytes).
    Removing gd32h7xx_timer.o(i.timer_break_config), (208 bytes).
    Removing gd32h7xx_timer.o(i.timer_break_disable), (28 bytes).
    Removing gd32h7xx_timer.o(i.timer_break_enable), (28 bytes).
    Removing gd32h7xx_timer.o(i.timer_break_external_polarity_config), (256 bytes).
    Removing gd32h7xx_timer.o(i.timer_break_external_source_config), (56 bytes).
    Removing gd32h7xx_timer.o(i.timer_break_lock_config), (48 bytes).
    Removing gd32h7xx_timer.o(i.timer_break_lock_release_config), (48 bytes).
    Removing gd32h7xx_timer.o(i.timer_break_struct_para_init), (34 bytes).
    Removing gd32h7xx_timer.o(i.timer_channel_additional_compare_value_config), (32 bytes).
    Removing gd32h7xx_timer.o(i.timer_channel_additional_compare_value_read), (36 bytes).
    Removing gd32h7xx_timer.o(i.timer_channel_additional_output_shadow_config), (88 bytes).
    Removing gd32h7xx_timer.o(i.timer_channel_break_control_config), (24 bytes).
    Removing gd32h7xx_timer.o(i.timer_channel_capture_value_register_read), (68 bytes).
    Removing gd32h7xx_timer.o(i.timer_channel_complementary_output_polarity_config), (86 bytes).
    Removing gd32h7xx_timer.o(i.timer_channel_complementary_output_state_config), (86 bytes).
    Removing gd32h7xx_timer.o(i.timer_channel_composite_pwm_mode_config), (26 bytes).
    Removing gd32h7xx_timer.o(i.timer_channel_composite_pwm_mode_output_pulse_value_config), (40 bytes).
    Removing gd32h7xx_timer.o(i.timer_channel_control_shadow_config), (24 bytes).
    Removing gd32h7xx_timer.o(i.timer_channel_control_shadow_update_config), (20 bytes).
    Removing gd32h7xx_timer.o(i.timer_channel_dead_time_config), (24 bytes).
    Removing gd32h7xx_timer.o(i.timer_channel_dma_request_source_select), (28 bytes).
    Removing gd32h7xx_timer.o(i.timer_channel_free_complementary_config), (188 bytes).
    Removing gd32h7xx_timer.o(i.timer_channel_input_capture_prescaler_config), (168 bytes).
    Removing gd32h7xx_timer.o(i.timer_channel_input_struct_para_init), (14 bytes).
    Removing gd32h7xx_timer.o(i.timer_channel_output_clear_config), (168 bytes).
    Removing gd32h7xx_timer.o(i.timer_channel_output_polarity_config), (172 bytes).
    Removing gd32h7xx_timer.o(i.timer_channel_output_state_config), (172 bytes).
    Removing gd32h7xx_timer.o(i.timer_channel_output_struct_para_init), (16 bytes).
    Removing gd32h7xx_timer.o(i.timer_commutation_control_shadow_register_config), (32 bytes).
    Removing gd32h7xx_timer.o(i.timer_counter_alignment), (16 bytes).
    Removing gd32h7xx_timer.o(i.timer_counter_down_direction), (10 bytes).
    Removing gd32h7xx_timer.o(i.timer_counter_read), (72 bytes).
    Removing gd32h7xx_timer.o(i.timer_counter_up_direction), (10 bytes).
    Removing gd32h7xx_timer.o(i.timer_counter_value_config), (60 bytes).
    Removing gd32h7xx_timer.o(i.timer_decoder_disconnection_detection_config), (24 bytes).
    Removing gd32h7xx_timer.o(i.timer_decoder_jump_detection_config), (24 bytes).
    Removing gd32h7xx_timer.o(i.timer_delayable_single_pulse_mode_config), (194 bytes).
    Removing gd32h7xx_timer.o(i.timer_disable), (10 bytes).
    Removing gd32h7xx_timer.o(i.timer_dma_disable), (8 bytes).
    Removing gd32h7xx_timer.o(i.timer_dma_enable), (8 bytes).
    Removing gd32h7xx_timer.o(i.timer_dma_transfer_config), (24 bytes).
    Removing gd32h7xx_timer.o(i.timer_event_software_generate), (8 bytes).
    Removing gd32h7xx_timer.o(i.timer_external_clock_mode0_config), (30 bytes).
    Removing gd32h7xx_timer.o(i.timer_external_clock_mode1_config), (20 bytes).
    Removing gd32h7xx_timer.o(i.timer_external_clock_mode1_disable), (10 bytes).
    Removing gd32h7xx_timer.o(i.timer_external_trigger_as_external_clock_config), (672 bytes).
    Removing gd32h7xx_timer.o(i.timer_external_trigger_config), (28 bytes).
    Removing gd32h7xx_timer.o(i.timer_flag_clear), (6 bytes).
    Removing gd32h7xx_timer.o(i.timer_flag_get), (14 bytes).
    Removing gd32h7xx_timer.o(i.timer_free_complementary_struct_para_init), (12 bytes).
    Removing gd32h7xx_timer.o(i.timer_hall_mode_config), (28 bytes).
    Removing gd32h7xx_timer.o(i.timer_input_capture_config), (840 bytes).
    Removing gd32h7xx_timer.o(i.timer_input_pwm_capture_config), (360 bytes).
    Removing gd32h7xx_timer.o(i.timer_input_trigger_source_select), (500 bytes).
    Removing gd32h7xx_timer.o(i.timer_internal_clock_config), (6 bytes).
    Removing gd32h7xx_timer.o(i.timer_internal_trigger_as_external_clock_config), (26 bytes).
    Removing gd32h7xx_timer.o(i.timer_interrupt_disable), (8 bytes).
    Removing gd32h7xx_timer.o(i.timer_interrupt_enable), (8 bytes).
    Removing gd32h7xx_timer.o(i.timer_interrupt_flag_clear), (6 bytes).
    Removing gd32h7xx_timer.o(i.timer_interrupt_flag_get), (48 bytes).
    Removing gd32h7xx_timer.o(i.timer_master_output0_trigger_source_select), (12 bytes).
    Removing gd32h7xx_timer.o(i.timer_master_output1_trigger_source_select), (12 bytes).
    Removing gd32h7xx_timer.o(i.timer_master_slave_mode_config), (28 bytes).
    Removing gd32h7xx_timer.o(i.timer_multi_mode_channel_mode_config), (28 bytes).
    Removing gd32h7xx_timer.o(i.timer_multi_mode_channel_output_config), (276 bytes).
    Removing gd32h7xx_timer.o(i.timer_multi_mode_channel_output_parameter_struct_init), (14 bytes).
    Removing gd32h7xx_timer.o(i.timer_non_quadrature_decoder_mode_config), (52 bytes).
    Removing gd32h7xx_timer.o(i.timer_output_match_pulse_select), (62 bytes).
    Removing gd32h7xx_timer.o(i.timer_output_value_selection_config), (32 bytes).
    Removing gd32h7xx_timer.o(i.timer_prescaler_config), (16 bytes).
    Removing gd32h7xx_timer.o(i.timer_prescaler_read), (6 bytes).
    Removing gd32h7xx_timer.o(i.timer_quadrature_decoder_mode_config), (64 bytes).
    Removing gd32h7xx_timer.o(i.timer_repetition_value_config), (38 bytes).
    Removing gd32h7xx_timer.o(i.timer_runtime_repetition_value_read), (6 bytes).
    Removing gd32h7xx_timer.o(i.timer_single_pulse_mode_config), (28 bytes).
    Removing gd32h7xx_timer.o(i.timer_slave_mode_select), (664 bytes).
    Removing gd32h7xx_timer.o(i.timer_struct_para_init), (20 bytes).
    Removing gd32h7xx_timer.o(i.timer_update_event_disable), (10 bytes).
    Removing gd32h7xx_timer.o(i.timer_update_event_enable), (10 bytes).
    Removing gd32h7xx_timer.o(i.timer_update_source_config), (28 bytes).
    Removing gd32h7xx_timer.o(i.timer_upif_backup_config), (24 bytes).
    Removing gd32h7xx_timer.o(i.timer_upifbu_bit_get), (60 bytes).
    Removing gd32h7xx_timer.o(i.timer_watchdog_value_config), (6 bytes).
    Removing gd32h7xx_timer.o(i.timer_watchdog_value_read), (6 bytes).
    Removing gd32h7xx_timer.o(i.timer_write_chxval_register_config), (32 bytes).
    Removing gd32h7xx_pmu.o(.rev16_text), (4 bytes).
    Removing gd32h7xx_pmu.o(.revsh_text), (4 bytes).
    Removing gd32h7xx_pmu.o(.rrx_text), (6 bytes).
    Removing gd32h7xx_pmu.o(i.pmu_backup_voltage_stabilizer_disable), (16 bytes).
    Removing gd32h7xx_pmu.o(i.pmu_backup_voltage_stabilizer_enable), (24 bytes).
    Removing gd32h7xx_pmu.o(i.pmu_backup_write_disable), (14 bytes).
    Removing gd32h7xx_pmu.o(i.pmu_deinit), (22 bytes).
    Removing gd32h7xx_pmu.o(i.pmu_enter_deepsleep_wait_time_config), (20 bytes).
    Removing gd32h7xx_pmu.o(i.pmu_exit_deepsleep_wait_time_config), (20 bytes).
    Removing gd32h7xx_pmu.o(i.pmu_flag_clear), (38 bytes).
    Removing gd32h7xx_pmu.o(i.pmu_flag_get), (36 bytes).
    Removing gd32h7xx_pmu.o(i.pmu_ldo_output_select), (20 bytes).
    Removing gd32h7xx_pmu.o(i.pmu_lvd_disable), (14 bytes).
    Removing gd32h7xx_pmu.o(i.pmu_lvd_enable), (14 bytes).
    Removing gd32h7xx_pmu.o(i.pmu_lvd_select), (16 bytes).
    Removing gd32h7xx_pmu.o(i.pmu_sldo_output_select), (16 bytes).
    Removing gd32h7xx_pmu.o(i.pmu_smps_ldo_supply_config), (28 bytes).
    Removing gd32h7xx_pmu.o(i.pmu_to_deepsleepmode), (52 bytes).
    Removing gd32h7xx_pmu.o(i.pmu_to_sleepmode), (28 bytes).
    Removing gd32h7xx_pmu.o(i.pmu_to_standbymode), (88 bytes).
    Removing gd32h7xx_pmu.o(i.pmu_usb_regulator_disable), (16 bytes).
    Removing gd32h7xx_pmu.o(i.pmu_usb_regulator_enable), (16 bytes).
    Removing gd32h7xx_pmu.o(i.pmu_usb_voltage_detector_disable), (16 bytes).
    Removing gd32h7xx_pmu.o(i.pmu_usb_voltage_detector_enable), (16 bytes).
    Removing gd32h7xx_pmu.o(i.pmu_vavd_disable), (14 bytes).
    Removing gd32h7xx_pmu.o(i.pmu_vavd_enable), (14 bytes).
    Removing gd32h7xx_pmu.o(i.pmu_vavd_select), (16 bytes).
    Removing gd32h7xx_pmu.o(i.pmu_vbat_charging_disable), (16 bytes).
    Removing gd32h7xx_pmu.o(i.pmu_vbat_charging_enable), (16 bytes).
    Removing gd32h7xx_pmu.o(i.pmu_vbat_charging_select), (24 bytes).
    Removing gd32h7xx_pmu.o(i.pmu_vbat_temp_moniter_disable), (16 bytes).
    Removing gd32h7xx_pmu.o(i.pmu_vbat_temp_moniter_enable), (16 bytes).
    Removing gd32h7xx_pmu.o(i.pmu_vovd_disable), (14 bytes).
    Removing gd32h7xx_pmu.o(i.pmu_vovd_enable), (14 bytes).
    Removing gd32h7xx_pmu.o(i.pmu_wakeup_pin_disable), (16 bytes).
    Removing gd32h7xx_pmu.o(i.pmu_wakeup_pin_enable), (16 bytes).
    Removing gd32h7xx_rtc.o(.rev16_text), (4 bytes).
    Removing gd32h7xx_rtc.o(.revsh_text), (4 bytes).
    Removing gd32h7xx_rtc.o(.rrx_text), (6 bytes).
    Removing gd32h7xx_rtc.o(i.rtc_alarm_config), (84 bytes).
    Removing gd32h7xx_rtc.o(i.rtc_alarm_disable), (96 bytes).
    Removing gd32h7xx_rtc.o(i.rtc_alarm_enable), (44 bytes).
    Removing gd32h7xx_rtc.o(i.rtc_alarm_get), (60 bytes).
    Removing gd32h7xx_rtc.o(i.rtc_alarm_output_config), (40 bytes).
    Removing gd32h7xx_rtc.o(i.rtc_alarm_subsecond_config), (36 bytes).
    Removing gd32h7xx_rtc.o(i.rtc_alarm_subsecond_get), (28 bytes).
    Removing gd32h7xx_rtc.o(i.rtc_bypass_shadow_disable), (28 bytes).
    Removing gd32h7xx_rtc.o(i.rtc_bypass_shadow_enable), (28 bytes).
    Removing gd32h7xx_rtc.o(i.rtc_calibration_output_config), (36 bytes).
    Removing gd32h7xx_rtc.o(i.rtc_deinit), (144 bytes).
    Removing gd32h7xx_rtc.o(i.rtc_flag_clear), (28 bytes).
    Removing gd32h7xx_rtc.o(i.rtc_flag_get), (20 bytes).
    Removing gd32h7xx_rtc.o(i.rtc_hour_adjust), (28 bytes).
    Removing gd32h7xx_rtc.o(i.rtc_interrupt_disable), (40 bytes).
    Removing gd32h7xx_rtc.o(i.rtc_interrupt_enable), (40 bytes).
    Removing gd32h7xx_rtc.o(i.rtc_output_pin_select), (48 bytes).
    Removing gd32h7xx_rtc.o(i.rtc_refclock_detection_disable), (44 bytes).
    Removing gd32h7xx_rtc.o(i.rtc_refclock_detection_enable), (44 bytes).
    Removing gd32h7xx_rtc.o(i.rtc_second_adjust), (68 bytes).
    Removing gd32h7xx_rtc.o(i.rtc_smooth_calibration_config), (64 bytes).
    Removing gd32h7xx_rtc.o(i.rtc_subsecond_get), (12 bytes).
    Removing gd32h7xx_rtc.o(i.rtc_tamper_disable), (16 bytes).
    Removing gd32h7xx_rtc.o(i.rtc_tamper_enable), (156 bytes).
    Removing gd32h7xx_rtc.o(i.rtc_timestamp_disable), (28 bytes).
    Removing gd32h7xx_rtc.o(i.rtc_timestamp_enable), (36 bytes).
    Removing gd32h7xx_rtc.o(i.rtc_timestamp_get), (56 bytes).
    Removing gd32h7xx_rtc.o(i.rtc_timestamp_internalevent_config), (44 bytes).
    Removing gd32h7xx_rtc.o(i.rtc_timestamp_subsecond_get), (12 bytes).
    Removing gd32h7xx_rtc.o(i.rtc_wakeup_clock_set), (68 bytes).
    Removing gd32h7xx_rtc.o(i.rtc_wakeup_disable), (64 bytes).
    Removing gd32h7xx_rtc.o(i.rtc_wakeup_enable), (28 bytes).
    Removing gd32h7xx_rtc.o(i.rtc_wakeup_timer_get), (12 bytes).
    Removing gd32h7xx_rtc.o(i.rtc_wakeup_timer_set), (56 bytes).
    Removing lcd_tli.o(.rev16_text), (4 bytes).
    Removing lcd_tli.o(.revsh_text), (4 bytes).
    Removing lcd_tli.o(.rrx_text), (6 bytes).
    Removing exmc_sdram.o(.rev16_text), (4 bytes).
    Removing exmc_sdram.o(.revsh_text), (4 bytes).
    Removing exmc_sdram.o(.rrx_text), (6 bytes).
    Removing exmc_sdram.o(i.fill_buffer), (16 bytes).
    Removing exmc_sdram.o(i.sdram_readbuffer_8), (36 bytes).
    Removing exmc_sdram.o(i.sdram_writebuffer_8), (36 bytes).
    Removing sdcard.o(.rev16_text), (4 bytes).
    Removing sdcard.o(.revsh_text), (4 bytes).
    Removing sdcard.o(.rrx_text), (6 bytes).
    Removing sdcard.o(i.sd_card_capacity_get), (108 bytes).
    Removing sdcard.o(i.sd_card_voltage_switch), (48 bytes).
    Removing sdcard.o(i.sd_erase), (272 bytes).
    Removing sdcard.o(i.sd_interrupts_process), (344 bytes).
    Removing sdcard.o(i.sd_lock_unlock), (468 bytes).
    Removing sdcard.o(i.sd_power_off), (20 bytes).
    Removing sdcard.o(i.sd_transfer_stop), (60 bytes).
    Removing touch_gtxx.o(.rev16_text), (4 bytes).
    Removing touch_gtxx.o(.revsh_text), (4 bytes).
    Removing touch_gtxx.o(.rrx_text), (6 bytes).
    Removing touch_iic.o(.rev16_text), (4 bytes).
    Removing touch_iic.o(.revsh_text), (4 bytes).
    Removing touch_iic.o(.rrx_text), (6 bytes).
    Removing sys.o(.rev16_text), (4 bytes).
    Removing sys.o(.revsh_text), (4 bytes).
    Removing sys.o(.rrx_text), (6 bytes).
    Removing sys.o(i.fputc), (40 bytes).
    Removing heap_4.o(.rev16_text), (4 bytes).
    Removing heap_4.o(.revsh_text), (4 bytes).
    Removing heap_4.o(.rrx_text), (6 bytes).
    Removing heap_4.o(i.prvHeapInit), (72 bytes).
    Removing heap_4.o(i.prvInsertBlockIntoFreeList), (84 bytes).
    Removing heap_4.o(i.pvPortCalloc), (42 bytes).
    Removing heap_4.o(i.pvPortMalloc), (188 bytes).
    Removing heap_4.o(i.vPortFree), (52 bytes).
    Removing heap_4.o(i.vPortGetHeapStats), (80 bytes).
    Removing heap_4.o(i.vPortHeapResetState), (20 bytes).
    Removing heap_4.o(i.vPortInitialiseBlocks), (2 bytes).
    Removing heap_4.o(i.xPortGetFreeHeapSize), (12 bytes).
    Removing heap_4.o(i.xPortGetMinimumEverFreeHeapSize), (12 bytes).
    Removing heap_4.o(i.xPortResetHeapMinimumEverFreeHeapSize), (12 bytes).
    Removing heap_4.o(.data), (28 bytes).
    Removing diskio.o(.rev16_text), (4 bytes).
    Removing diskio.o(.revsh_text), (4 bytes).
    Removing diskio.o(.rrx_text), (6 bytes).
    Removing ff.o(i.create_partition), (308 bytes).
    Removing ff.o(i.dir_remove), (94 bytes).
    Removing ff.o(i.f_getfree), (280 bytes).
    Removing ff.o(i.f_getlabel), (270 bytes).
    Removing ff.o(i.f_gets), (68 bytes).
    Removing ff.o(i.f_mkdir), (382 bytes).
    Removing ff.o(i.f_mkfs), (3312 bytes).
    Removing ff.o(i.f_printf), (590 bytes).
    Removing ff.o(i.f_putc), (30 bytes).
    Removing ff.o(i.f_puts), (38 bytes).
    Removing ff.o(i.f_rename), (474 bytes).
    Removing ff.o(i.f_setlabel), (456 bytes).
    Removing ff.o(i.f_stat), (96 bytes).
    Removing ff.o(i.f_truncate), (196 bytes).
    Removing ff.o(i.f_unlink), (238 bytes).
    Removing ff.o(i.putc_bfd), (58 bytes).
    Removing ff.o(i.putc_flush), (42 bytes).
    Removing ff.o(i.putc_init), (18 bytes).
    Removing ff.o(i.xsum32), (20 bytes).
    Removing ff.o(.constdata), (10 bytes).
    Removing lv_port_disp_template.o(.rev16_text), (4 bytes).
    Removing lv_port_disp_template.o(.revsh_text), (4 bytes).
    Removing lv_port_disp_template.o(.rrx_text), (6 bytes).
    Removing lv_port_indev_template.o(.rev16_text), (4 bytes).
    Removing lv_port_indev_template.o(.revsh_text), (4 bytes).
    Removing lv_port_indev_template.o(.rrx_text), (6 bytes).
    Removing lv_disp.o(i._lv_disp_get_refr_timer), (20 bytes).
    Removing lv_disp.o(i.lv_disp_clean_dcache), (30 bytes).
    Removing lv_disp.o(i.lv_disp_get_inactive_time), (64 bytes).
    Removing lv_disp.o(i.lv_disp_load_scr), (84 bytes).
    Removing lv_disp.o(i.lv_disp_set_bg_color), (70 bytes).
    Removing lv_disp.o(i.lv_disp_set_bg_image), (64 bytes).
    Removing lv_disp.o(i.lv_disp_set_bg_opa), (66 bytes).
    Removing lv_disp.o(i.lv_disp_set_theme), (74 bytes).
    Removing lv_disp.o(i.lv_disp_trig_activity), (28 bytes).
    Removing lv_disp.o(i.lv_scr_act), (14 bytes).
    Removing lv_disp.o(i.lv_scr_load_anim), (560 bytes).
    Removing lv_disp.o(i.opa_scale_anim), (8 bytes).
    Removing lv_disp.o(i.scr_anim_ready), (70 bytes).
    Removing lv_disp.o(i.scr_load_anim_start), (34 bytes).
    Removing lv_disp.o(i.set_x_anim), (6 bytes).
    Removing lv_disp.o(i.set_y_anim), (6 bytes).
    Removing lv_event.o(i.lv_event_get_cover_area), (20 bytes).
    Removing lv_event.o(i.lv_event_get_draw_part_dsc), (18 bytes).
    Removing lv_event.o(i.lv_event_get_hit_test_info), (14 bytes).
    Removing lv_event.o(i.lv_event_get_key), (26 bytes).
    Removing lv_event.o(i.lv_event_get_old_size), (14 bytes).
    Removing lv_event.o(i.lv_event_get_scroll_anim), (14 bytes).
    Removing lv_event.o(i.lv_event_get_self_size_info), (14 bytes).
    Removing lv_event.o(i.lv_event_register_id), (16 bytes).
    Removing lv_event.o(i.lv_event_set_cover_res), (22 bytes).
    Removing lv_event.o(i.lv_event_stop_bubbling), (10 bytes).
    Removing lv_event.o(i.lv_event_stop_processing), (10 bytes).
    Removing lv_event.o(i.lv_obj_get_event_user_data), (58 bytes).
    Removing lv_event.o(i.lv_obj_remove_event_cb), (128 bytes).
    Removing lv_event.o(i.lv_obj_remove_event_cb_with_user_data), (152 bytes).
    Removing lv_event.o(i.lv_obj_remove_event_dsc), (126 bytes).
    Removing lv_group.o(i.lv_group_create), (60 bytes).
    Removing lv_group.o(i.lv_group_del), (132 bytes).
    Removing lv_group.o(i.lv_group_focus_freeze), (22 bytes).
    Removing lv_group.o(i.lv_group_get_focus_cb), (12 bytes).
    Removing lv_group.o(i.lv_group_get_wrap), (16 bytes).
    Removing lv_group.o(i.lv_group_remove_all_objs), (80 bytes).
    Removing lv_group.o(i.lv_group_set_default), (12 bytes).
    Removing lv_group.o(i.lv_group_set_focus_cb), (4 bytes).
    Removing lv_group.o(i.lv_group_set_refocus_policy), (10 bytes).
    Removing lv_group.o(i.lv_group_set_wrap), (10 bytes).
    Removing lv_group.o(i.lv_group_swap_obj), (100 bytes).
    Removing lv_indev.o(i.lv_indev_enable), (16 bytes).
    Removing lv_indev.o(i.lv_indev_get_gesture_dir), (8 bytes).
    Removing lv_indev.o(i.lv_indev_get_key), (16 bytes).
    Removing lv_indev.o(i.lv_indev_get_read_timer), (12 bytes).
    Removing lv_indev.o(i.lv_indev_set_button_points), (12 bytes).
    Removing lv_indev.o(i.lv_indev_set_cursor), (66 bytes).
    Removing lv_indev.o(i.lv_indev_set_group), (16 bytes).
    Removing lv_indev_scroll.o(i.lv_indev_scroll_get_snap_dist), (44 bytes).
    Removing lv_obj.o(i.lv_deinit), (28 bytes).
    Removing lv_obj.o(i.lv_is_initialized), (12 bytes).
    Removing lv_obj.o(i.lv_obj_get_class), (4 bytes).
    Removing lv_obj.o(i.lv_obj_has_class), (20 bytes).
    Removing lv_obj.o(i.lv_obj_is_valid), (68 bytes).
    Removing lv_obj.o(i.obj_valid_child), (58 bytes).
    Removing lv_obj_draw.o(i.lv_obj_draw_part_check_type), (20 bytes).
    Removing lv_obj_pos.o(i.lv_obj_get_x2), (24 bytes).
    Removing lv_obj_pos.o(i.lv_obj_get_x_aligned), (6 bytes).
    Removing lv_obj_pos.o(i.lv_obj_get_y_aligned), (6 bytes).
    Removing lv_obj_pos.o(i.lv_obj_set_align), (6 bytes).
    Removing lv_obj_pos.o(i.lv_obj_set_content_height), (56 bytes).
    Removing lv_obj_pos.o(i.lv_obj_set_content_width), (56 bytes).
    Removing lv_obj_scroll.o(i.lv_obj_is_scrolling), (44 bytes).
    Removing lv_obj_scroll.o(i.lv_obj_scroll_to_view), (32 bytes).
    Removing lv_obj_scroll.o(i.lv_obj_update_snap), (38 bytes).
    Removing lv_obj_style.o(i.fade_anim_cb), (8 bytes).
    Removing lv_obj_style.o(i.fade_in_anim_ready), (12 bytes).
    Removing lv_obj_style.o(i.lv_obj_fade_in), (60 bytes).
    Removing lv_obj_style.o(i.lv_obj_fade_out), (64 bytes).
    Removing lv_obj_style_gen.o(i.lv_obj_set_style_anim_speed), (10 bytes).
    Removing lv_obj_style_gen.o(i.lv_obj_set_style_anim_time), (10 bytes).
    Removing lv_obj_style_gen.o(i.lv_obj_set_style_arc_color), (24 bytes).
    Removing lv_obj_style_gen.o(i.lv_obj_set_style_arc_color_filtered), (26 bytes).
    Removing lv_obj_style_gen.o(i.lv_obj_set_style_arc_img_src), (10 bytes).
    Removing lv_obj_style_gen.o(i.lv_obj_set_style_arc_opa), (10 bytes).
    Removing lv_obj_style_gen.o(i.lv_obj_set_style_arc_rounded), (10 bytes).
    Removing lv_obj_style_gen.o(i.lv_obj_set_style_arc_width), (12 bytes).
    Removing lv_obj_style_gen.o(i.lv_obj_set_style_bg_color), (24 bytes).
    Removing lv_obj_style_gen.o(i.lv_obj_set_style_bg_color_filtered), (26 bytes).
    Removing lv_obj_style_gen.o(i.lv_obj_set_style_bg_dither_mode), (10 bytes).
    Removing lv_obj_style_gen.o(i.lv_obj_set_style_bg_grad), (10 bytes).
    Removing lv_obj_style_gen.o(i.lv_obj_set_style_bg_grad_color), (24 bytes).
    Removing lv_obj_style_gen.o(i.lv_obj_set_style_bg_grad_color_filtered), (26 bytes).
    Removing lv_obj_style_gen.o(i.lv_obj_set_style_bg_grad_dir), (10 bytes).
    Removing lv_obj_style_gen.o(i.lv_obj_set_style_bg_grad_stop), (10 bytes).
    Removing lv_obj_style_gen.o(i.lv_obj_set_style_bg_img_opa), (10 bytes).
    Removing lv_obj_style_gen.o(i.lv_obj_set_style_bg_img_recolor), (24 bytes).
    Removing lv_obj_style_gen.o(i.lv_obj_set_style_bg_img_recolor_filtered), (26 bytes).
    Removing lv_obj_style_gen.o(i.lv_obj_set_style_bg_img_recolor_opa), (10 bytes).
    Removing lv_obj_style_gen.o(i.lv_obj_set_style_bg_img_tiled), (10 bytes).
    Removing lv_obj_style_gen.o(i.lv_obj_set_style_bg_main_stop), (10 bytes).
    Removing lv_obj_style_gen.o(i.lv_obj_set_style_bg_opa), (10 bytes).
    Removing lv_obj_style_gen.o(i.lv_obj_set_style_blend_mode), (10 bytes).
    Removing lv_obj_style_gen.o(i.lv_obj_set_style_border_color), (24 bytes).
    Removing lv_obj_style_gen.o(i.lv_obj_set_style_border_color_filtered), (26 bytes).
    Removing lv_obj_style_gen.o(i.lv_obj_set_style_border_opa), (10 bytes).
    Removing lv_obj_style_gen.o(i.lv_obj_set_style_border_post), (10 bytes).
    Removing lv_obj_style_gen.o(i.lv_obj_set_style_border_side), (10 bytes).
    Removing lv_obj_style_gen.o(i.lv_obj_set_style_border_width), (12 bytes).
    Removing lv_obj_style_gen.o(i.lv_obj_set_style_clip_corner), (10 bytes).
    Removing lv_obj_style_gen.o(i.lv_obj_set_style_color_filter_dsc), (10 bytes).
    Removing lv_obj_style_gen.o(i.lv_obj_set_style_color_filter_opa), (10 bytes).
    Removing lv_obj_style_gen.o(i.lv_obj_set_style_img_opa), (10 bytes).
    Removing lv_obj_style_gen.o(i.lv_obj_set_style_img_recolor), (24 bytes).
    Removing lv_obj_style_gen.o(i.lv_obj_set_style_img_recolor_filtered), (26 bytes).
    Removing lv_obj_style_gen.o(i.lv_obj_set_style_img_recolor_opa), (10 bytes).
    Removing lv_obj_style_gen.o(i.lv_obj_set_style_line_color), (24 bytes).
    Removing lv_obj_style_gen.o(i.lv_obj_set_style_line_color_filtered), (26 bytes).
    Removing lv_obj_style_gen.o(i.lv_obj_set_style_line_dash_gap), (10 bytes).
    Removing lv_obj_style_gen.o(i.lv_obj_set_style_line_dash_width), (10 bytes).
    Removing lv_obj_style_gen.o(i.lv_obj_set_style_line_opa), (10 bytes).
    Removing lv_obj_style_gen.o(i.lv_obj_set_style_line_rounded), (10 bytes).
    Removing lv_obj_style_gen.o(i.lv_obj_set_style_line_width), (12 bytes).
    Removing lv_obj_style_gen.o(i.lv_obj_set_style_max_height), (12 bytes).
    Removing lv_obj_style_gen.o(i.lv_obj_set_style_max_width), (12 bytes).
    Removing lv_obj_style_gen.o(i.lv_obj_set_style_min_height), (12 bytes).
    Removing lv_obj_style_gen.o(i.lv_obj_set_style_opa), (12 bytes).
    Removing lv_obj_style_gen.o(i.lv_obj_set_style_outline_color), (24 bytes).
    Removing lv_obj_style_gen.o(i.lv_obj_set_style_outline_color_filtered), (26 bytes).
    Removing lv_obj_style_gen.o(i.lv_obj_set_style_outline_opa), (12 bytes).
    Removing lv_obj_style_gen.o(i.lv_obj_set_style_outline_pad), (12 bytes).
    Removing lv_obj_style_gen.o(i.lv_obj_set_style_outline_width), (12 bytes).
    Removing lv_obj_style_gen.o(i.lv_obj_set_style_pad_bottom), (12 bytes).
    Removing lv_obj_style_gen.o(i.lv_obj_set_style_pad_column), (12 bytes).
    Removing lv_obj_style_gen.o(i.lv_obj_set_style_pad_left), (12 bytes).
    Removing lv_obj_style_gen.o(i.lv_obj_set_style_pad_right), (12 bytes).
    Removing lv_obj_style_gen.o(i.lv_obj_set_style_pad_row), (12 bytes).
    Removing lv_obj_style_gen.o(i.lv_obj_set_style_pad_top), (12 bytes).
    Removing lv_obj_style_gen.o(i.lv_obj_set_style_radius), (10 bytes).
    Removing lv_obj_style_gen.o(i.lv_obj_set_style_shadow_color), (24 bytes).
    Removing lv_obj_style_gen.o(i.lv_obj_set_style_shadow_color_filtered), (26 bytes).
    Removing lv_obj_style_gen.o(i.lv_obj_set_style_shadow_ofs_x), (12 bytes).
    Removing lv_obj_style_gen.o(i.lv_obj_set_style_shadow_ofs_y), (12 bytes).
    Removing lv_obj_style_gen.o(i.lv_obj_set_style_shadow_opa), (12 bytes).
    Removing lv_obj_style_gen.o(i.lv_obj_set_style_shadow_spread), (12 bytes).
    Removing lv_obj_style_gen.o(i.lv_obj_set_style_shadow_width), (12 bytes).
    Removing lv_obj_style_gen.o(i.lv_obj_set_style_text_color), (26 bytes).
    Removing lv_obj_style_gen.o(i.lv_obj_set_style_text_color_filtered), (26 bytes).
    Removing lv_obj_style_gen.o(i.lv_obj_set_style_text_decor), (12 bytes).
    Removing lv_obj_style_gen.o(i.lv_obj_set_style_text_font), (12 bytes).
    Removing lv_obj_style_gen.o(i.lv_obj_set_style_text_letter_space), (12 bytes).
    Removing lv_obj_style_gen.o(i.lv_obj_set_style_text_line_space), (12 bytes).
    Removing lv_obj_style_gen.o(i.lv_obj_set_style_text_opa), (12 bytes).
    Removing lv_obj_style_gen.o(i.lv_obj_set_style_transform_angle), (12 bytes).
    Removing lv_obj_style_gen.o(i.lv_obj_set_style_transform_height), (12 bytes).
    Removing lv_obj_style_gen.o(i.lv_obj_set_style_transform_width), (12 bytes).
    Removing lv_obj_style_gen.o(i.lv_obj_set_style_transform_zoom), (12 bytes).
    Removing lv_obj_style_gen.o(i.lv_obj_set_style_transition), (10 bytes).
    Removing lv_obj_style_gen.o(i.lv_obj_set_style_translate_x), (12 bytes).
    Removing lv_obj_style_gen.o(i.lv_obj_set_style_translate_y), (12 bytes).
    Removing lv_obj_tree.o(i.lv_obj_clean), (64 bytes).
    Removing lv_obj_tree.o(i.lv_obj_del_anim_ready_cb), (6 bytes).
    Removing lv_obj_tree.o(i.lv_obj_del_async), (12 bytes).
    Removing lv_obj_tree.o(i.lv_obj_del_async_cb), (4 bytes).
    Removing lv_obj_tree.o(i.lv_obj_del_delayed), (48 bytes).
    Removing lv_obj_tree.o(i.lv_obj_swap), (144 bytes).
    Removing lv_obj_tree.o(i.lv_obj_tree_walk), (4 bytes).
    Removing lv_obj_tree.o(i.walk_core), (130 bytes).
    Removing lv_refr.o(i.lv_refr_now), (56 bytes).
    Removing lv_theme.o(i.lv_theme_get_color_secondary), (28 bytes).
    Removing lv_theme.o(i.lv_theme_get_font_large), (20 bytes).
    Removing lv_theme.o(i.lv_theme_get_font_normal), (20 bytes).
    Removing lv_theme.o(i.lv_theme_get_font_small), (20 bytes).
    Removing lv_theme.o(i.lv_theme_set_apply_cb), (4 bytes).
    Removing lv_theme.o(i.lv_theme_set_parent), (4 bytes).
    Removing lv_draw_mask.o(i.lv_draw_mask_apply_ids), (92 bytes).
    Removing lv_draw_mask.o(i.lv_draw_mask_fade), (196 bytes).
    Removing lv_draw_mask.o(i.lv_draw_mask_fade_init), (48 bytes).
    Removing lv_draw_mask.o(i.lv_draw_mask_get_cnt), (32 bytes).
    Removing lv_draw_mask.o(i.lv_draw_mask_map), (140 bytes).
    Removing lv_draw_mask.o(i.lv_draw_mask_map_init), (32 bytes).
    Removing lv_draw_mask.o(i.lv_draw_mask_polygon), (536 bytes).
    Removing lv_draw_mask.o(i.lv_draw_mask_polygon_init), (152 bytes).
    Removing lv_draw_triangle.o(i.lv_draw_polygon), (10 bytes).
    Removing lv_draw_triangle.o(i.lv_draw_triangle), (12 bytes).
    Removing lv_img_buf.o(i.lv_img_buf_alloc), (106 bytes).
    Removing lv_img_buf.o(i.lv_img_buf_free), (28 bytes).
    Removing lv_img_buf.o(i.lv_img_buf_get_img_size), (118 bytes).
    Removing lv_img_buf.o(i.lv_img_buf_set_palette), (132 bytes).
    Removing lv_img_cache.o(i.lv_img_cache_set_size), (2 bytes).
    Removing lv_img_decoder.o(i.lv_img_decoder_delete), (28 bytes).
    Removing lv_draw_sw_gradient.o(i.lv_gradient_free_cache), (32 bytes).
    Removing lv_draw_sw_letter.o(.constdata), (8 bytes).
    Removing lv_flex.o(i.lv_style_set_flex_cross_place), (16 bytes).
    Removing lv_flex.o(i.lv_style_set_flex_flow), (16 bytes).
    Removing lv_flex.o(i.lv_style_set_flex_grow), (16 bytes).
    Removing lv_flex.o(i.lv_style_set_flex_main_place), (16 bytes).
    Removing lv_flex.o(i.lv_style_set_flex_track_place), (16 bytes).
    Removing lv_grid.o(i.lv_obj_set_grid_align), (28 bytes).
    Removing lv_grid.o(i.lv_obj_set_grid_cell), (90 bytes).
    Removing lv_grid.o(i.lv_obj_set_grid_dsc_array), (48 bytes).
    Removing lv_grid.o(i.lv_obj_set_style_grid_cell_column_pos), (16 bytes).
    Removing lv_grid.o(i.lv_obj_set_style_grid_cell_column_span), (16 bytes).
    Removing lv_grid.o(i.lv_obj_set_style_grid_cell_row_pos), (16 bytes).
    Removing lv_grid.o(i.lv_obj_set_style_grid_cell_row_span), (16 bytes).
    Removing lv_grid.o(i.lv_obj_set_style_grid_cell_x_align), (16 bytes).
    Removing lv_grid.o(i.lv_obj_set_style_grid_cell_y_align), (16 bytes).
    Removing lv_grid.o(i.lv_obj_set_style_grid_column_align), (16 bytes).
    Removing lv_grid.o(i.lv_obj_set_style_grid_column_dsc_array), (16 bytes).
    Removing lv_grid.o(i.lv_obj_set_style_grid_row_align), (16 bytes).
    Removing lv_grid.o(i.lv_obj_set_style_grid_row_dsc_array), (16 bytes).
    Removing lv_grid.o(i.lv_style_set_grid_cell_column_pos), (16 bytes).
    Removing lv_grid.o(i.lv_style_set_grid_cell_column_span), (16 bytes).
    Removing lv_grid.o(i.lv_style_set_grid_cell_row_pos), (16 bytes).
    Removing lv_grid.o(i.lv_style_set_grid_cell_row_span), (16 bytes).
    Removing lv_grid.o(i.lv_style_set_grid_cell_x_align), (16 bytes).
    Removing lv_grid.o(i.lv_style_set_grid_cell_y_align), (16 bytes).
    Removing lv_grid.o(i.lv_style_set_grid_column_align), (16 bytes).
    Removing lv_grid.o(i.lv_style_set_grid_column_dsc_array), (16 bytes).
    Removing lv_grid.o(i.lv_style_set_grid_row_align), (16 bytes).
    Removing lv_grid.o(i.lv_style_set_grid_row_dsc_array), (16 bytes).
    Removing qrcodegen.o(i.addEccAndInterleave), (276 bytes).
    Removing qrcodegen.o(i.addRunToHistory), (20 bytes).
    Removing qrcodegen.o(i.appendBitsToBuffer), (116 bytes).
    Removing qrcodegen.o(i.applyMask), (456 bytes).
    Removing qrcodegen.o(i.calcReedSolomonGenerator), (204 bytes).
    Removing qrcodegen.o(i.calcReedSolomonRemainder), (208 bytes).
    Removing qrcodegen.o(i.calcSegmentBitLength), (192 bytes).
    Removing qrcodegen.o(i.drawCodewords), (220 bytes).
    Removing qrcodegen.o(i.drawFormatBits), (380 bytes).
    Removing qrcodegen.o(i.drawWhiteFunctionModules), (420 bytes).
    Removing qrcodegen.o(i.fillRectangle), (56 bytes).
    Removing qrcodegen.o(i.finiteFieldMultiply), (40 bytes).
    Removing qrcodegen.o(i.getAlignmentPatternPositions), (76 bytes).
    Removing qrcodegen.o(i.getBit), (8 bytes).
    Removing qrcodegen.o(i.getModule), (108 bytes).
    Removing qrcodegen.o(i.getNumDataCodewords), (124 bytes).
    Removing qrcodegen.o(i.getNumRawDataModules), (172 bytes).
    Removing qrcodegen.o(i.getPenaltyScore), (466 bytes).
    Removing qrcodegen.o(i.getTotalBits), (380 bytes).
    Removing qrcodegen.o(i.hasFinderLikePattern), (58 bytes).
    Removing qrcodegen.o(i.initializeFunctionModules), (232 bytes).
    Removing qrcodegen.o(i.numCharCountBits), (156 bytes).
    Removing qrcodegen.o(i.qrcodegen_calcSegmentBufferSize), (112 bytes).
    Removing qrcodegen.o(i.qrcodegen_encodeBinary), (78 bytes).
    Removing qrcodegen.o(i.qrcodegen_encodeSegments), (32 bytes).
    Removing qrcodegen.o(i.qrcodegen_encodeSegmentsAdvanced), (788 bytes).
    Removing qrcodegen.o(i.qrcodegen_encodeText), (230 bytes).
    Removing qrcodegen.o(i.qrcodegen_getMinFitVersion), (70 bytes).
    Removing qrcodegen.o(i.qrcodegen_getModule), (108 bytes).
    Removing qrcodegen.o(i.qrcodegen_getSize), (104 bytes).
    Removing qrcodegen.o(i.qrcodegen_isAlphanumeric), (108 bytes).
    Removing qrcodegen.o(i.qrcodegen_isNumeric), (96 bytes).
    Removing qrcodegen.o(i.qrcodegen_makeAlphanumeric), (340 bytes).
    Removing qrcodegen.o(i.qrcodegen_makeBytes), (180 bytes).
    Removing qrcodegen.o(i.qrcodegen_makeEci), (220 bytes).
    Removing qrcodegen.o(i.qrcodegen_makeNumeric), (332 bytes).
    Removing qrcodegen.o(i.qrcodegen_version2size), (18 bytes).
    Removing qrcodegen.o(i.setModule), (120 bytes).
    Removing qrcodegen.o(i.setModuleBounded), (30 bytes).
    Removing qrcodegen.o(.constdata), (392 bytes).
    Removing qrcodegen.o(.conststring), (636 bytes).
    Removing qrcodegen.o(.data), (4 bytes).
    Removing lv_theme_basic.o(i.lv_color_white), (48 bytes).
    Removing lv_theme_basic.o(i.lv_theme_basic_init), (96 bytes).
    Removing lv_theme_basic.o(i.lv_theme_basic_is_inited), (16 bytes).
    Removing lv_theme_basic.o(i.style_init), (604 bytes).
    Removing lv_theme_basic.o(i.style_init_reset), (20 bytes).
    Removing lv_theme_basic.o(i.theme_apply), (1748 bytes).
    Removing lv_theme_basic.o(.bss), (36 bytes).
    Removing lv_theme_basic.o(.data), (8 bytes).
    Removing lv_theme_mono.o(i.lv_color_black), (20 bytes).
    Removing lv_theme_mono.o(i.lv_color_make), (44 bytes).
    Removing lv_theme_mono.o(i.lv_color_white), (20 bytes).
    Removing lv_theme_mono.o(i.lv_style_set_pad_all), (42 bytes).
    Removing lv_theme_mono.o(i.lv_style_set_pad_gap), (26 bytes).
    Removing lv_theme_mono.o(i.lv_theme_mono_init), (108 bytes).
    Removing lv_theme_mono.o(i.lv_theme_mono_is_inited), (16 bytes).
    Removing lv_theme_mono.o(i.style_init), (872 bytes).
    Removing lv_theme_mono.o(i.style_init_reset), (20 bytes).
    Removing lv_theme_mono.o(i.theme_apply), (2440 bytes).
    Removing lv_theme_mono.o(.bss), (36 bytes).
    Removing lv_theme_mono.o(.data), (8 bytes).
    Removing lv_animimg.o(i.index_change), (24 bytes).
    Removing lv_animimg.o(i.lv_animimg_constructor), (56 bytes).
    Removing lv_animimg.o(i.lv_animimg_create), (28 bytes).
    Removing lv_animimg.o(i.lv_animimg_set_duration), (6 bytes).
    Removing lv_animimg.o(i.lv_animimg_set_repeat_count), (6 bytes).
    Removing lv_animimg.o(i.lv_animimg_set_src), (16 bytes).
    Removing lv_animimg.o(i.lv_animimg_start), (6 bytes).
    Removing lv_animimg.o(.constdata), (28 bytes).
    Removing lv_calendar.o(i.lv_calendar_create), (28 bytes).
    Removing lv_calendar.o(i.lv_calendar_get_btnmatrix), (4 bytes).
    Removing lv_calendar.o(i.lv_calendar_get_highlighted_dates), (4 bytes).
    Removing lv_calendar.o(i.lv_calendar_get_highlighted_dates_num), (4 bytes).
    Removing lv_calendar.o(i.lv_calendar_get_pressed_date), (88 bytes).
    Removing lv_calendar.o(i.lv_calendar_get_today_date), (4 bytes).
    Removing lv_calendar.o(i.lv_calendar_set_day_names), (28 bytes).
    Removing lv_calendar.o(i.lv_calendar_set_highlighted_dates), (14 bytes).
    Removing lv_calendar_header_arrow.o(i.lv_calendar_header_arrow_create), (28 bytes).
    Removing lv_calendar_header_dropdown.o(i.lv_calendar_header_dropdown_create), (28 bytes).
    Removing lv_chart.o(i.lv_chart_add_cursor), (38 bytes).
    Removing lv_chart.o(i.lv_chart_add_series), (156 bytes).
    Removing lv_chart.o(i.lv_chart_create), (28 bytes).
    Removing lv_chart.o(i.lv_chart_get_cursor_point), (10 bytes).
    Removing lv_chart.o(i.lv_chart_get_point_count), (6 bytes).
    Removing lv_chart.o(i.lv_chart_get_pressed_point), (6 bytes).
    Removing lv_chart.o(i.lv_chart_get_series_next), (14 bytes).
    Removing lv_chart.o(i.lv_chart_get_type), (10 bytes).
    Removing lv_chart.o(i.lv_chart_get_x_array), (10 bytes).
    Removing lv_chart.o(i.lv_chart_get_x_start_point), (10 bytes).
    Removing lv_chart.o(i.lv_chart_get_y_array), (10 bytes).
    Removing lv_chart.o(i.lv_chart_get_zoom_x), (6 bytes).
    Removing lv_chart.o(i.lv_chart_get_zoom_y), (6 bytes).
    Removing lv_chart.o(i.lv_chart_hide_series), (18 bytes).
    Removing lv_chart.o(i.lv_chart_refresh), (4 bytes).
    Removing lv_chart.o(i.lv_chart_remove_series), (46 bytes).
    Removing lv_chart.o(i.lv_chart_set_all_value), (42 bytes).
    Removing lv_chart.o(i.lv_chart_set_axis_tick), (62 bytes).
    Removing lv_chart.o(i.lv_chart_set_cursor_point), (44 bytes).
    Removing lv_chart.o(i.lv_chart_set_cursor_pos), (22 bytes).
    Removing lv_chart.o(i.lv_chart_set_div_line_count), (30 bytes).
    Removing lv_chart.o(i.lv_chart_set_ext_x_array), (48 bytes).
    Removing lv_chart.o(i.lv_chart_set_ext_y_array), (48 bytes).
    Removing lv_chart.o(i.lv_chart_set_next_value), (64 bytes).
    Removing lv_chart.o(i.lv_chart_set_next_value2), (86 bytes).
    Removing lv_chart.o(i.lv_chart_set_point_count), (118 bytes).
    Removing lv_chart.o(i.lv_chart_set_range), (66 bytes).
    Removing lv_chart.o(i.lv_chart_set_series_color), (20 bytes).
    Removing lv_chart.o(i.lv_chart_set_type), (136 bytes).
    Removing lv_chart.o(i.lv_chart_set_update_mode), (26 bytes).
    Removing lv_chart.o(i.lv_chart_set_value_by_id), (32 bytes).
    Removing lv_chart.o(i.lv_chart_set_value_by_id2), (52 bytes).
    Removing lv_chart.o(i.lv_chart_set_x_start_point), (18 bytes).
    Removing lv_chart.o(i.lv_chart_set_zoom_x), (42 bytes).
    Removing lv_chart.o(i.lv_chart_set_zoom_y), (42 bytes).
    Removing lv_chart.o(i.new_points_alloc), (180 bytes).
    Removing lv_colorwheel.o(i.lv_colorwheel_create), (36 bytes).
    Removing lv_colorwheel.o(i.lv_colorwheel_get_color_mode), (10 bytes).
    Removing lv_colorwheel.o(i.lv_colorwheel_get_color_mode_fixed), (10 bytes).
    Removing lv_colorwheel.o(i.lv_colorwheel_get_hsv), (4 bytes).
    Removing lv_colorwheel.o(i.lv_colorwheel_set_mode), (32 bytes).
    Removing lv_colorwheel.o(i.lv_colorwheel_set_mode_fixed), (12 bytes).
    Removing lv_colorwheel.o(i.lv_colorwheel_set_rgb), (112 bytes).
    Removing lv_imgbtn.o(i.draw_main), (450 bytes).
    Removing lv_imgbtn.o(i.get_state), (50 bytes).
    Removing lv_imgbtn.o(i.lv_imgbtn_constructor), (44 bytes).
    Removing lv_imgbtn.o(i.lv_imgbtn_create), (28 bytes).
    Removing lv_imgbtn.o(i.lv_imgbtn_event), (172 bytes).
    Removing lv_imgbtn.o(i.lv_imgbtn_get_src_left), (8 bytes).
    Removing lv_imgbtn.o(i.lv_imgbtn_get_src_middle), (8 bytes).
    Removing lv_imgbtn.o(i.lv_imgbtn_get_src_right), (8 bytes).
    Removing lv_imgbtn.o(i.lv_imgbtn_set_src), (20 bytes).
    Removing lv_imgbtn.o(i.lv_imgbtn_set_state), (70 bytes).
    Removing lv_imgbtn.o(i.refr_img), (80 bytes).
    Removing lv_imgbtn.o(i.suggest_state), (92 bytes).
    Removing lv_imgbtn.o(.constdata), (28 bytes).
    Removing lv_keyboard.o(i.lv_btnmatrix_get_popovers), (10 bytes).
    Removing lv_keyboard.o(i.lv_keyboard_create), (28 bytes).
    Removing lv_keyboard.o(i.lv_keyboard_get_mode), (6 bytes).
    Removing lv_keyboard.o(i.lv_keyboard_get_textarea), (4 bytes).
    Removing lv_keyboard.o(i.lv_keyboard_set_map), (28 bytes).
    Removing lv_keyboard.o(i.lv_keyboard_set_mode), (18 bytes).
    Removing lv_keyboard.o(i.lv_keyboard_set_popovers), (22 bytes).
    Removing lv_keyboard.o(i.lv_keyboard_set_textarea), (42 bytes).
    Removing lv_led.o(i.lv_led_create), (28 bytes).
    Removing lv_led.o(i.lv_led_get_brightness), (6 bytes).
    Removing lv_led.o(i.lv_led_off), (6 bytes).
    Removing lv_led.o(i.lv_led_on), (6 bytes).
    Removing lv_led.o(i.lv_led_set_brightness), (36 bytes).
    Removing lv_led.o(i.lv_led_set_color), (14 bytes).
    Removing lv_led.o(i.lv_led_toggle), (34 bytes).
    Removing lv_list.o(i.lv_list_add_btn), (100 bytes).
    Removing lv_list.o(i.lv_list_add_text), (56 bytes).
    Removing lv_list.o(i.lv_list_create), (36 bytes).
    Removing lv_list.o(i.lv_list_get_btn_text), (64 bytes).
    Removing lv_menu.o(i.lv_menu_cont_create), (28 bytes).
    Removing lv_menu.o(i.lv_menu_create), (28 bytes).
    Removing lv_menu.o(i.lv_menu_get_main_header), (4 bytes).
    Removing lv_menu.o(i.lv_menu_get_main_header_back_btn), (4 bytes).
    Removing lv_menu.o(i.lv_menu_get_sidebar_header), (4 bytes).
    Removing lv_menu.o(i.lv_menu_get_sidebar_header_back_btn), (4 bytes).
    Removing lv_menu.o(i.lv_menu_load_page_event_cb), (92 bytes).
    Removing lv_menu.o(i.lv_menu_obj_del_event_cb), (14 bytes).
    Removing lv_menu.o(i.lv_menu_page_create), (32 bytes).
    Removing lv_menu.o(i.lv_menu_refr), (60 bytes).
    Removing lv_menu.o(i.lv_menu_refr_sidebar_header_mode), (128 bytes).
    Removing lv_menu.o(i.lv_menu_section_create), (28 bytes).
    Removing lv_menu.o(i.lv_menu_separator_create), (28 bytes).
    Removing lv_menu.o(i.lv_menu_set_load_page_event), (96 bytes).
    Removing lv_menu.o(i.lv_menu_set_mode_header), (50 bytes).
    Removing lv_menu.o(i.lv_menu_set_mode_root_back_btn), (26 bytes).
    Removing lv_menu.o(i.lv_menu_set_sidebar_page), (312 bytes).
    Removing lv_meter.o(i.inv_arc), (178 bytes).
    Removing lv_meter.o(i.inv_line), (386 bytes).
    Removing lv_meter.o(i.lv_meter_add_arc), (72 bytes).
    Removing lv_meter.o(i.lv_meter_add_needle_img), (70 bytes).
    Removing lv_meter.o(i.lv_meter_add_needle_line), (72 bytes).
    Removing lv_meter.o(i.lv_meter_add_scale), (58 bytes).
    Removing lv_meter.o(i.lv_meter_add_scale_lines), (76 bytes).
    Removing lv_meter.o(i.lv_meter_create), (28 bytes).
    Removing lv_meter.o(i.lv_meter_set_indicator_end_value), (70 bytes).
    Removing lv_meter.o(i.lv_meter_set_indicator_start_value), (70 bytes).
    Removing lv_meter.o(i.lv_meter_set_indicator_value), (98 bytes).
    Removing lv_meter.o(i.lv_meter_set_scale_major_ticks), (26 bytes).
    Removing lv_meter.o(i.lv_meter_set_scale_range), (20 bytes).
    Removing lv_meter.o(i.lv_meter_set_scale_ticks), (22 bytes).
    Removing lv_msgbox.o(i.lv_msgbox_close), (40 bytes).
    Removing lv_msgbox.o(i.lv_msgbox_close_async), (40 bytes).
    Removing lv_msgbox.o(i.lv_msgbox_create), (552 bytes).
    Removing lv_msgbox.o(i.lv_msgbox_get_active_btn), (14 bytes).
    Removing lv_msgbox.o(i.lv_msgbox_get_active_btn_text), (26 bytes).
    Removing lv_msgbox.o(i.lv_msgbox_get_btns), (4 bytes).
    Removing lv_msgbox.o(i.lv_msgbox_get_close_btn), (4 bytes).
    Removing lv_msgbox.o(i.lv_msgbox_get_content), (4 bytes).
    Removing lv_msgbox.o(i.lv_msgbox_get_text), (4 bytes).
    Removing lv_msgbox.o(i.lv_msgbox_get_title), (4 bytes).
    Removing lv_msgbox.o(i.lv_obj_get_style_text_font), (8 bytes).
    Removing lv_msgbox.o(i.lv_pct), (22 bytes).
    Removing lv_msgbox.o(i.msgbox_close_click_event_cb), (18 bytes).
    Removing lv_span.o(i._lv_txt_is_break_char), (60 bytes).
    Removing lv_span.o(i.convert_indent_pct), (62 bytes).
    Removing lv_span.o(i.draw_main), (30 bytes).
    Removing lv_span.o(i.lv_draw_span), (1516 bytes).
    Removing lv_span.o(i.lv_get_snippet), (16 bytes).
    Removing lv_span.o(i.lv_get_snippet_cnt), (12 bytes).
    Removing lv_span.o(i.lv_obj_get_style_text_align), (14 bytes).
    Removing lv_span.o(i.lv_obj_get_style_text_line_space), (14 bytes).
    Removing lv_span.o(i.lv_obj_get_style_width), (14 bytes).
    Removing lv_span.o(i.lv_snippet_clear), (16 bytes).
    Removing lv_span.o(i.lv_snippet_push), (44 bytes).
    Removing lv_span.o(i.lv_span_get_style_text_blend_mode), (42 bytes).
    Removing lv_span.o(i.lv_span_get_style_text_color), (50 bytes).
    Removing lv_span.o(i.lv_span_get_style_text_decor), (44 bytes).
    Removing lv_span.o(i.lv_span_get_style_text_font), (42 bytes).
    Removing lv_span.o(i.lv_span_get_style_text_letter_space), (46 bytes).
    Removing lv_span.o(i.lv_span_get_style_text_opa), (46 bytes).
    Removing lv_span.o(i.lv_span_set_text), (80 bytes).
    Removing lv_span.o(i.lv_span_set_text_static), (46 bytes).
    Removing lv_span.o(i.lv_spangroup_constructor), (48 bytes).
    Removing lv_span.o(i.lv_spangroup_create), (28 bytes).
    Removing lv_span.o(i.lv_spangroup_del_span), (100 bytes).
    Removing lv_span.o(i.lv_spangroup_destructor), (66 bytes).
    Removing lv_span.o(i.lv_spangroup_event), (296 bytes).
    Removing lv_span.o(i.lv_spangroup_get_align), (6 bytes).
    Removing lv_span.o(i.lv_spangroup_get_child), (76 bytes).
    Removing lv_span.o(i.lv_spangroup_get_child_cnt), (14 bytes).
    Removing lv_span.o(i.lv_spangroup_get_expand_height), (408 bytes).
    Removing lv_span.o(i.lv_spangroup_get_expand_width), (184 bytes).
    Removing lv_span.o(i.lv_spangroup_get_indent), (6 bytes).
    Removing lv_span.o(i.lv_spangroup_get_max_line_h), (60 bytes).
    Removing lv_span.o(i.lv_spangroup_get_mode), (10 bytes).
    Removing lv_span.o(i.lv_spangroup_get_overflow), (10 bytes).
    Removing lv_span.o(i.lv_spangroup_new_span), (60 bytes).
    Removing lv_span.o(i.lv_spangroup_refr_mode), (172 bytes).
    Removing lv_span.o(i.lv_spangroup_set_align), (6 bytes).
    Removing lv_span.o(i.lv_spangroup_set_indent), (16 bytes).
    Removing lv_span.o(i.lv_spangroup_set_mode), (16 bytes).
    Removing lv_span.o(i.lv_spangroup_set_overflow), (26 bytes).
    Removing lv_span.o(i.lv_txt_get_snippet), (66 bytes).
    Removing lv_span.o(i.refresh_self_size), (32 bytes).
    Removing lv_span.o(i.span_text_check), (16 bytes).
    Removing lv_span.o(.bss), (1284 bytes).
    Removing lv_span.o(.constdata), (28 bytes).
    Removing lv_spinbox.o(i.lv_spinbox_create), (28 bytes).
    Removing lv_spinbox.o(i.lv_spinbox_get_rollover), (10 bytes).
    Removing lv_spinbox.o(i.lv_spinbox_get_step), (4 bytes).
    Removing lv_spinbox.o(i.lv_spinbox_get_value), (4 bytes).
    Removing lv_spinbox.o(i.lv_spinbox_set_digit_format), (116 bytes).
    Removing lv_spinbox.o(i.lv_spinbox_set_digit_step_direction), (16 bytes).
    Removing lv_spinbox.o(i.lv_spinbox_set_pos), (74 bytes).
    Removing lv_spinbox.o(i.lv_spinbox_set_range), (28 bytes).
    Removing lv_spinbox.o(i.lv_spinbox_set_rollover), (12 bytes).
    Removing lv_spinbox.o(i.lv_spinbox_set_step), (6 bytes).
    Removing lv_spinbox.o(i.lv_spinbox_set_value), (22 bytes).
    Removing lv_spinner.o(i.lv_spinner_create), (36 bytes).
    Removing lv_tabview.o(i.lv_memcpy_small), (22 bytes).
    Removing lv_tabview.o(i.lv_tabview_add_tab), (316 bytes).
    Removing lv_tabview.o(i.lv_tabview_create), (36 bytes).
    Removing lv_tileview.o(i.lv_obj_set_tile), (54 bytes).
    Removing lv_tileview.o(i.lv_obj_set_tile_id), (106 bytes).
    Removing lv_tileview.o(i.lv_tileview_add_tile), (40 bytes).
    Removing lv_tileview.o(i.lv_tileview_create), (28 bytes).
    Removing lv_tileview.o(i.lv_tileview_get_tile_act), (4 bytes).
    Removing lv_win.o(i.lv_win_add_btn), (60 bytes).
    Removing lv_win.o(i.lv_win_add_title), (42 bytes).
    Removing lv_win.o(i.lv_win_create), (36 bytes).
    Removing lv_win.o(i.lv_win_get_content), (6 bytes).
    Removing lv_win.o(i.lv_win_get_header), (6 bytes).
    Removing lv_font_loader.o(i.init_bit_iterator), (24 bytes).
    Removing lv_font_loader.o(i.load_cmaps), (144 bytes).
    Removing lv_font_loader.o(i.load_cmaps_tables), (232 bytes).
    Removing lv_font_loader.o(i.load_glyph), (676 bytes).
    Removing lv_font_loader.o(i.load_kern), (416 bytes).
    Removing lv_font_loader.o(i.lv_font_free), (178 bytes).
    Removing lv_font_loader.o(i.lv_font_load), (64 bytes).
    Removing lv_font_loader.o(i.lvgl_load_font), (416 bytes).
    Removing lv_font_loader.o(i.read_bits), (78 bytes).
    Removing lv_font_loader.o(i.read_bits_signed), (30 bytes).
    Removing lv_font_loader.o(i.read_label), (64 bytes).
    Removing lv_hal_disp.o(i.invalidate_layout_cb), (10 bytes).
    Removing lv_hal_disp.o(i.lv_disp_drv_update), (188 bytes).
    Removing lv_hal_disp.o(i.lv_disp_flush_is_last), (12 bytes).
    Removing lv_hal_disp.o(i.lv_disp_get_antialiasing), (26 bytes).
    Removing lv_hal_disp.o(i.lv_disp_get_offset_x), (84 bytes).
    Removing lv_hal_disp.o(i.lv_disp_get_offset_y), (84 bytes).
    Removing lv_hal_disp.o(i.lv_disp_get_physical_hor_res), (60 bytes).
    Removing lv_hal_disp.o(i.lv_disp_get_physical_ver_res), (60 bytes).
    Removing lv_hal_disp.o(i.lv_disp_get_rotation), (26 bytes).
    Removing lv_hal_disp.o(i.lv_disp_remove), (128 bytes).
    Removing lv_hal_disp.o(i.lv_disp_set_default), (12 bytes).
    Removing lv_hal_disp.o(i.lv_disp_set_rotation), (36 bytes).
    Removing lv_hal_indev.o(i.lv_indev_delete), (48 bytes).
    Removing lv_hal_indev.o(i.lv_indev_drv_update), (88 bytes).
    Removing lv_anim.o(i.lv_anim_count_running), (40 bytes).
    Removing lv_anim.o(i.lv_anim_del_all), (20 bytes).
    Removing lv_anim.o(i.lv_anim_get_playtime), (68 bytes).
    Removing lv_anim.o(i.lv_anim_path_bounce), (170 bytes).
    Removing lv_anim.o(i.lv_anim_path_ease_in), (50 bytes).
    Removing lv_anim.o(i.lv_anim_path_overshoot), (54 bytes).
    Removing lv_anim.o(i.lv_anim_refr_now), (6 bytes).
    Removing lv_anim_timeline.o(i.lv_anim_timeline_add), (128 bytes).
    Removing lv_anim_timeline.o(i.lv_anim_timeline_create), (26 bytes).
    Removing lv_anim_timeline.o(i.lv_anim_timeline_del), (32 bytes).
    Removing lv_anim_timeline.o(i.lv_anim_timeline_get_playtime), (72 bytes).
    Removing lv_anim_timeline.o(i.lv_anim_timeline_get_reverse), (10 bytes).
    Removing lv_anim_timeline.o(i.lv_anim_timeline_set_progress), (104 bytes).
    Removing lv_anim_timeline.o(i.lv_anim_timeline_set_reverse), (10 bytes).
    Removing lv_anim_timeline.o(i.lv_anim_timeline_start), (110 bytes).
    Removing lv_anim_timeline.o(i.lv_anim_timeline_stop), (40 bytes).
    Removing lv_anim_timeline.o(i.lv_anim_timeline_virtual_exec_cb), (2 bytes).
    Removing lv_area.o(i._lv_area_is_equal), (56 bytes).
    Removing lv_area.o(i._lv_area_set_pos), (50 bytes).
    Removing lv_area.o(i.lv_area_align), (762 bytes).
    Removing lv_async.o(i.lv_async_call), (60 bytes).
    Removing lv_async.o(i.lv_async_timer_cb), (20 bytes).
    Removing lv_color.o(i.lv_color_change_lightness), (64 bytes).
    Removing lv_color.o(i.lv_color_lighten), (40 bytes).
    Removing lv_color.o(i.lv_color_rgb_to_hsv), (226 bytes).
    Removing lv_color.o(i.lv_color_to_hsv), (98 bytes).
    Removing lv_fs.o(i.lv_fs_dir_close), (36 bytes).
    Removing lv_fs.o(i.lv_fs_dir_open), (82 bytes).
    Removing lv_fs.o(i.lv_fs_dir_read), (42 bytes).
    Removing lv_fs.o(i.lv_fs_get_last), (68 bytes).
    Removing lv_fs.o(i.lv_fs_get_letters), (52 bytes).
    Removing lv_fs.o(i.lv_fs_is_ready), (26 bytes).
    Removing lv_fs.o(i.lv_fs_tell), (54 bytes).
    Removing lv_fs.o(i.lv_fs_up), (68 bytes).
    Removing lv_fs.o(i.lv_fs_write), (64 bytes).
    Removing lv_gc.o(i._lv_gc_clear_roots), (184 bytes).
    Removing lv_ll.o(i._lv_ll_chg_list), (104 bytes).
    Removing lv_ll.o(i._lv_ll_ins_prev), (116 bytes).
    Removing lv_ll.o(i._lv_ll_move_before), (102 bytes).
    Removing lv_lru.o(i.lv_lru_cmp_keys), (20 bytes).
    Removing lv_lru.o(i.lv_lru_create), (116 bytes).
    Removing lv_lru.o(i.lv_lru_del), (104 bytes).
    Removing lv_lru.o(i.lv_lru_get), (98 bytes).
    Removing lv_lru.o(i.lv_lru_hash), (92 bytes).
    Removing lv_lru.o(i.lv_lru_pop_or_create_item), (42 bytes).
    Removing lv_lru.o(i.lv_lru_remove), (88 bytes).
    Removing lv_lru.o(i.lv_lru_remove_item), (58 bytes).
    Removing lv_lru.o(i.lv_lru_remove_lru_item), (104 bytes).
    Removing lv_lru.o(i.lv_lru_set), (222 bytes).
    Removing lv_math.o(i.lv_rand), (40 bytes).
    Removing lv_math.o(i.lv_sqrt), (36 bytes).
    Removing lv_math.o(.data), (4 bytes).
    Removing lv_mem.o(i.lv_mem_deinit), (24 bytes).
    Removing lv_mem.o(i.lv_mem_test), (56 bytes).
    Removing lv_style_gen.o(i.lv_style_set_align), (10 bytes).
    Removing lv_style_gen.o(i.lv_style_set_anim_speed), (8 bytes).
    Removing lv_style_gen.o(i.lv_style_set_arc_color_filtered), (24 bytes).
    Removing lv_style_gen.o(i.lv_style_set_arc_img_src), (8 bytes).
    Removing lv_style_gen.o(i.lv_style_set_arc_opa), (8 bytes).
    Removing lv_style_gen.o(i.lv_style_set_base_dir), (10 bytes).
    Removing lv_style_gen.o(i.lv_style_set_bg_color_filtered), (24 bytes).
    Removing lv_style_gen.o(i.lv_style_set_bg_dither_mode), (8 bytes).
    Removing lv_style_gen.o(i.lv_style_set_bg_grad), (8 bytes).
    Removing lv_style_gen.o(i.lv_style_set_bg_grad_color_filtered), (24 bytes).
    Removing lv_style_gen.o(i.lv_style_set_bg_grad_dir), (8 bytes).
    Removing lv_style_gen.o(i.lv_style_set_bg_grad_stop), (8 bytes).
    Removing lv_style_gen.o(i.lv_style_set_bg_img_opa), (8 bytes).
    Removing lv_style_gen.o(i.lv_style_set_bg_img_recolor), (22 bytes).
    Removing lv_style_gen.o(i.lv_style_set_bg_img_recolor_filtered), (24 bytes).
    Removing lv_style_gen.o(i.lv_style_set_bg_img_recolor_opa), (8 bytes).
    Removing lv_style_gen.o(i.lv_style_set_bg_img_tiled), (8 bytes).
    Removing lv_style_gen.o(i.lv_style_set_bg_main_stop), (8 bytes).
    Removing lv_style_gen.o(i.lv_style_set_blend_mode), (8 bytes).
    Removing lv_style_gen.o(i.lv_style_set_border_color_filtered), (24 bytes).
    Removing lv_style_gen.o(i.lv_style_set_img_opa), (8 bytes).
    Removing lv_style_gen.o(i.lv_style_set_img_recolor), (22 bytes).
    Removing lv_style_gen.o(i.lv_style_set_img_recolor_filtered), (24 bytes).
    Removing lv_style_gen.o(i.lv_style_set_img_recolor_opa), (8 bytes).
    Removing lv_style_gen.o(i.lv_style_set_layout), (10 bytes).
    Removing lv_style_gen.o(i.lv_style_set_line_color_filtered), (24 bytes).
    Removing lv_style_gen.o(i.lv_style_set_line_dash_gap), (8 bytes).
    Removing lv_style_gen.o(i.lv_style_set_line_dash_width), (8 bytes).
    Removing lv_style_gen.o(i.lv_style_set_line_opa), (8 bytes).
    Removing lv_style_gen.o(i.lv_style_set_line_rounded), (8 bytes).
    Removing lv_style_gen.o(i.lv_style_set_min_height), (10 bytes).
    Removing lv_style_gen.o(i.lv_style_set_min_width), (10 bytes).
    Removing lv_style_gen.o(i.lv_style_set_opa), (10 bytes).
    Removing lv_style_gen.o(i.lv_style_set_outline_color_filtered), (24 bytes).
    Removing lv_style_gen.o(i.lv_style_set_shadow_color_filtered), (24 bytes).
    Removing lv_style_gen.o(i.lv_style_set_shadow_ofs_x), (10 bytes).
    Removing lv_style_gen.o(i.lv_style_set_text_color_filtered), (24 bytes).
    Removing lv_style_gen.o(i.lv_style_set_text_decor), (10 bytes).
    Removing lv_style_gen.o(i.lv_style_set_text_letter_space), (10 bytes).
    Removing lv_style_gen.o(i.lv_style_set_text_opa), (10 bytes).
    Removing lv_style_gen.o(i.lv_style_set_transform_angle), (10 bytes).
    Removing lv_style_gen.o(i.lv_style_set_transform_zoom), (10 bytes).
    Removing lv_style_gen.o(i.lv_style_set_translate_x), (10 bytes).
    Removing lv_style_gen.o(i.lv_style_set_translate_y), (10 bytes).
    Removing lv_style_gen.o(i.lv_style_set_x), (10 bytes).
    Removing lv_style_gen.o(i.lv_style_set_y), (10 bytes).
    Removing lv_timer.o(i.lv_timer_create_basic), (12 bytes).
    Removing lv_timer.o(i.lv_timer_get_idle), (12 bytes).
    Removing lv_timer.o(i.lv_timer_get_next), (24 bytes).
    Removing lv_timer.o(i.lv_timer_reset), (12 bytes).
    Removing lv_timer.o(i.lv_timer_set_cb), (4 bytes).
    Removing lv_timer.o(i.lv_timer_set_period), (4 bytes).
    Removing lv_timer.o(i.lv_timer_set_repeat_count), (4 bytes).
    Removing lv_tlsf.o(i.block_trim_free_leading), (58 bytes).
    Removing lv_tlsf.o(i.integrity_walker), (68 bytes).
    Removing lv_tlsf.o(i.lv_tlsf_align_size), (4 bytes).
    Removing lv_tlsf.o(i.lv_tlsf_alloc_overhead), (4 bytes).
    Removing lv_tlsf.o(i.lv_tlsf_block_size), (26 bytes).
    Removing lv_tlsf.o(i.lv_tlsf_block_size_max), (6 bytes).
    Removing lv_tlsf.o(i.lv_tlsf_block_size_min), (4 bytes).
    Removing lv_tlsf.o(i.lv_tlsf_check), (254 bytes).
    Removing lv_tlsf.o(i.lv_tlsf_check_pool), (24 bytes).
    Removing lv_tlsf.o(i.lv_tlsf_destroy), (2 bytes).
    Removing lv_tlsf.o(i.lv_tlsf_memalign), (130 bytes).
    Removing lv_tlsf.o(i.lv_tlsf_remove_pool), (90 bytes).
    Removing lv_txt.o(i.lv_txt_utf8_conv_wc), (72 bytes).
    Removing lv_txt.o(.data), (4 bytes).
    Removing lv_arc.o(i.lv_arc_create), (28 bytes).
    Removing lv_arc.o(i.lv_arc_get_angle_end), (4 bytes).
    Removing lv_arc.o(i.lv_arc_get_angle_start), (4 bytes).
    Removing lv_arc.o(i.lv_arc_get_bg_angle_end), (4 bytes).
    Removing lv_arc.o(i.lv_arc_get_bg_angle_start), (4 bytes).
    Removing lv_arc.o(i.lv_arc_get_max_value), (6 bytes).
    Removing lv_arc.o(i.lv_arc_get_min_value), (6 bytes).
    Removing lv_arc.o(i.lv_arc_get_mode), (10 bytes).
    Removing lv_arc.o(i.lv_arc_set_change_rate), (4 bytes).
    Removing lv_arc.o(i.lv_arc_set_mode), (110 bytes).
    Removing lv_arc.o(i.lv_arc_set_range), (46 bytes).
    Removing lv_bar.o(i.lv_bar_create), (28 bytes).
    Removing lv_bar.o(i.lv_bar_get_max_value), (4 bytes).
    Removing lv_bar.o(i.lv_bar_get_min_value), (4 bytes).
    Removing lv_bar.o(i.lv_bar_set_mode), (20 bytes).
    Removing lv_bar.o(i.lv_bar_set_range), (82 bytes).
    Removing lv_btnmatrix.o(i.lv_btnmatrix_get_map), (4 bytes).
    Removing lv_btnmatrix.o(i.lv_btnmatrix_get_one_checked), (10 bytes).
    Removing lv_btnmatrix.o(i.lv_btnmatrix_set_btn_width), (46 bytes).
    Removing lv_canvas.o(i.lv_area_copy), (18 bytes).
    Removing lv_canvas.o(i.lv_canvas_blur_hor), (724 bytes).
    Removing lv_canvas.o(i.lv_canvas_blur_ver), (730 bytes).
    Removing lv_canvas.o(i.lv_canvas_copy_buf), (122 bytes).
    Removing lv_canvas.o(i.lv_canvas_draw_arc), (118 bytes).
    Removing lv_canvas.o(i.lv_canvas_draw_img), (142 bytes).
    Removing lv_canvas.o(i.lv_canvas_draw_line), (156 bytes).
    Removing lv_canvas.o(i.lv_canvas_draw_polygon), (140 bytes).
    Removing lv_canvas.o(i.lv_canvas_draw_text), (140 bytes).
    Removing lv_canvas.o(i.lv_canvas_fill_bg), (168 bytes).
    Removing lv_canvas.o(i.lv_canvas_get_px), (38 bytes).
    Removing lv_canvas.o(i.lv_canvas_set_buffer), (40 bytes).
    Removing lv_canvas.o(i.lv_canvas_set_palette), (24 bytes).
    Removing lv_canvas.o(i.lv_canvas_set_px_color), (26 bytes).
    Removing lv_canvas.o(i.lv_canvas_set_px_opa), (22 bytes).
    Removing lv_canvas.o(i.lv_canvas_transform), (492 bytes).
    Removing lv_canvas.o(i.lv_color_mix), (60 bytes).
    Removing lv_canvas.o(i.lv_obj_get_style_img_recolor), (6 bytes).
    Removing lv_checkbox.o(i.lv_checkbox_create), (28 bytes).
    Removing lv_checkbox.o(i.lv_checkbox_get_text), (4 bytes).
    Removing lv_checkbox.o(i.lv_checkbox_set_text), (70 bytes).
    Removing lv_checkbox.o(i.lv_checkbox_set_text_static), (44 bytes).
    Removing lv_dropdown.o(i.lv_dropdown_add_option), (272 bytes).
    Removing lv_dropdown.o(i.lv_dropdown_clear_options), (62 bytes).
    Removing lv_dropdown.o(i.lv_dropdown_get_dir), (10 bytes).
    Removing lv_dropdown.o(i.lv_dropdown_get_list), (4 bytes).
    Removing lv_dropdown.o(i.lv_dropdown_get_option_cnt), (4 bytes).
    Removing lv_dropdown.o(i.lv_dropdown_get_options), (16 bytes).
    Removing lv_dropdown.o(i.lv_dropdown_get_selected_highlight), (10 bytes).
    Removing lv_dropdown.o(i.lv_dropdown_get_symbol), (4 bytes).
    Removing lv_dropdown.o(i.lv_dropdown_get_text), (4 bytes).
    Removing lv_dropdown.o(i.lv_dropdown_set_dir), (26 bytes).
    Removing lv_dropdown.o(i.lv_dropdown_set_selected_highlight), (22 bytes).
    Removing lv_dropdown.o(i.lv_dropdown_set_symbol), (6 bytes).
    Removing lv_dropdown.o(i.lv_dropdown_set_text), (14 bytes).
    Removing lv_img.o(i.lv_img_get_angle), (4 bytes).
    Removing lv_img.o(i.lv_img_get_antialias), (8 bytes).
    Removing lv_img.o(i.lv_img_get_offset_x), (6 bytes).
    Removing lv_img.o(i.lv_img_get_offset_y), (6 bytes).
    Removing lv_img.o(i.lv_img_get_pivot), (8 bytes).
    Removing lv_img.o(i.lv_img_get_size_mode), (10 bytes).
    Removing lv_img.o(i.lv_img_get_src), (4 bytes).
    Removing lv_img.o(i.lv_img_get_zoom), (4 bytes).
    Removing lv_img.o(i.lv_img_set_angle), (250 bytes).
    Removing lv_img.o(i.lv_img_set_antialias), (24 bytes).
    Removing lv_img.o(i.lv_img_set_offset_x), (18 bytes).
    Removing lv_img.o(i.lv_img_set_offset_y), (18 bytes).
    Removing lv_img.o(i.lv_img_set_pivot), (244 bytes).
    Removing lv_img.o(i.lv_img_set_size_mode), (22 bytes).
    Removing lv_img.o(i.lv_img_set_zoom), (258 bytes).
    Removing lv_label.o(i.lv_label_cut_text), (48 bytes).
    Removing lv_label.o(i.lv_label_get_long_mode), (10 bytes).
    Removing lv_label.o(i.lv_label_get_recolor), (10 bytes).
    Removing lv_label.o(i.lv_label_set_recolor), (26 bytes).
    Removing lv_line.o(i.lv_line_create), (28 bytes).
    Removing lv_line.o(i.lv_line_get_y_invert), (10 bytes).
    Removing lv_line.o(i.lv_line_set_points), (24 bytes).
    Removing lv_line.o(i.lv_line_set_y_invert), (22 bytes).
    Removing lv_roller.o(i.lv_roller_create), (28 bytes).
    Removing lv_roller.o(i.lv_roller_get_option_cnt), (18 bytes).
    Removing lv_roller.o(i.lv_roller_get_options), (14 bytes).
    Removing lv_roller.o(i.lv_roller_get_selected), (32 bytes).
    Removing lv_roller.o(i.lv_roller_get_selected_str), (94 bytes).
    Removing lv_roller.o(i.lv_roller_set_visible_row_count), (58 bytes).
    Removing lv_slider.o(i.lv_slider_create), (28 bytes).
    Removing lv_slider.o(i.lv_slider_is_dragged), (10 bytes).
    Removing lv_switch.o(i.lv_switch_create), (28 bytes).
    Removing lv_table.o(i.lv_table_add_cell_ctrl), (102 bytes).
    Removing lv_table.o(i.lv_table_clear_cell_ctrl), (102 bytes).
    Removing lv_table.o(i.lv_table_create), (28 bytes).
    Removing lv_table.o(i.lv_table_get_cell_value), (40 bytes).
    Removing lv_table.o(i.lv_table_get_col_cnt), (4 bytes).
    Removing lv_table.o(i.lv_table_get_col_width), (18 bytes).
    Removing lv_table.o(i.lv_table_get_row_cnt), (4 bytes).
    Removing lv_table.o(i.lv_table_get_selected_cell), (10 bytes).
    Removing lv_table.o(i.lv_table_has_cell_ctrl), (48 bytes).
    Removing lv_table.o(i.lv_table_set_cell_value), (132 bytes).
    Removing lv_table.o(i.lv_table_set_cell_value_fmt), (318 bytes).
    Removing lv_table.o(i.lv_table_set_col_cnt), (204 bytes).
    Removing lv_table.o(i.lv_table_set_col_width), (42 bytes).
    Removing lv_table.o(i.lv_table_set_row_cnt), (120 bytes).
    Removing lv_textarea.o(i.lv_textarea_create), (28 bytes).
    Removing lv_textarea.o(i.lv_textarea_get_cursor_click_pos), (10 bytes).
    Removing lv_textarea.o(i.lv_textarea_get_label), (4 bytes).
    Removing lv_textarea.o(i.lv_textarea_get_password_mode), (10 bytes).
    Removing lv_textarea.o(i.lv_textarea_get_password_show_time), (4 bytes).
    Removing lv_textarea.o(i.lv_textarea_get_placeholder_text), (16 bytes).
    Removing lv_textarea.o(i.lv_textarea_get_text_selection), (10 bytes).
    Removing lv_textarea.o(i.lv_textarea_set_accepted_chars), (4 bytes).
    Removing lv_textarea.o(i.lv_textarea_set_align), (84 bytes).
    Removing lv_textarea.o(i.lv_textarea_set_insert_replace), (12 bytes).
    Removing lv_textarea.o(i.lv_textarea_set_max_length), (4 bytes).
    Removing lv_textarea.o(i.lv_textarea_set_password_mode), (108 bytes).
    Removing lv_textarea.o(i.lv_textarea_set_password_show_time), (4 bytes).
    Removing lv_textarea.o(i.lv_textarea_set_placeholder_text), (82 bytes).
    Removing lv_textarea.o(i.lv_textarea_set_text_selection), (22 bytes).
    Removing lv_textarea.o(i.lv_textarea_text_is_selected), (36 bytes).

1373 unused section(s) (total 79866 bytes) removed from the image.
